[librosweb.es/css/index.html]
[backblue.gif]
[fade.gif]
[index.html]
[librosweb.es/css/index.html]
[www.google-analytics.com/analytics.js]
[librosweb.es/apple-touch-icon.png]
[librosweb.es/css/main_b507273.css]
[librosweb.es/favicon.png]
[librosweb.es/css/capitulo_1.html]
[librosweb.es/css/capitulo_1.html]
[librosweb.es/css/capitulo_1/breve_historia_de_css.html]
[librosweb.es/css/capitulo_1/soporte_de_css_en_los_navegadores.html]
[librosweb.es/css/capitulo_1/especificacion_oficial.html]
[librosweb.es/css/capitulo_1/breve_historia_de_css.html]
[librosweb.es/css/capitulo_1/funcionamiento_basico_de_css.html]
[librosweb.es/css/capitulo_1/como_incluir_css_en_un_documento_xhtml.html]
[librosweb.es/css/capitulo_1/soporte_de_css_en_los_navegadores.html]
[librosweb.es/css/capitulo_1/glosario_basico.html]
[librosweb.es/css/capitulo_1/medios_css.html]
[librosweb.es/css/capitulo_1/comentarios.html]
[librosweb.es/css/capitulo_1/especificacion_oficial.html]
[librosweb.es/css/capitulo_1/sintaxis_de_la_definicion_de_cada_propiedad_css.html]
[librosweb.es/css/capitulo_2.html]
[librosweb.es/css/capitulo_2/selectores_basicos.html]
[librosweb.es/css/capitulo_1/funcionamiento_basico_de_css.html]
[librosweb.es/css/capitulo_2/selectores_avanzados.html]
[librosweb.es/css/capitulo_2/agrupacion_de_reglas.html]
[librosweb.es/css/capitulo_1/como_incluir_css_en_un_documento_xhtml.html]
[librosweb.es/css/capitulo_2/herencia.html]
[librosweb.es/css/capitulo_2/colisiones_de_estilos.html]
[librosweb.es/css/capitulo_3.html]
[librosweb.es/css/capitulo_1/glosario_basico.html]
[librosweb.es/css/capitulo_3/unidades_de_medida.html]
[librosweb.es/css/capitulo_3/colores.html]
[librosweb.es/css/capitulo_4.html]
[librosweb.es/css/capitulo_1/medios_css.html]
[librosweb.es/css/capitulo_4/anchura_y_altura.html]
[librosweb.es/css/capitulo_4/margen_y_relleno.html]
[librosweb.es/css/capitulo_1/comentarios.html]
[librosweb.es/css/capitulo_4/bordes.html]
[librosweb.es/css/capitulo_4/margen_relleno_bordes_y_modelo_de_cajas.html]
[librosweb.es/css/capitulo_4/fondos.html]
[librosweb.es/css/capitulo_1/sintaxis_de_la_definicion_de_cada_propiedad_css.html]
[librosweb.es/css/capitulo_5.html]
[librosweb.es/css/capitulo_5/tipos_de_elementos.html]
[librosweb.es/css/capitulo_5/posicionamiento.html]
[librosweb.es/css/capitulo_2.html]
[librosweb.es/css/capitulo_5/posicionamiento_normal.html]
[librosweb.es/css/capitulo_5/posicionamiento_relativo.html]
[librosweb.es/css/capitulo_2/selectores_basicos.html]
[librosweb.es/css/capitulo_5/posicionamiento_absoluto.html]
[librosweb.es/css/capitulo_5/posicionamiento_fijo.html]
[librosweb.es/css/capitulo_5/posicionamiento_flotante.html]
[librosweb.es/css/capitulo_2/selectores_avanzados.html]
[librosweb.es/css/capitulo_5/visualizacion.html]
[librosweb.es/css/capitulo_6.html]
[librosweb.es/css/capitulo_6/texto_2.html]
[librosweb.es/css/capitulo_2/agrupacion_de_reglas.html]
[librosweb.es/css/capitulo_7.html]
[librosweb.es/css/capitulo_7/estilos_avanzados.html]
[librosweb.es/css/capitulo_2/herencia.html]
[librosweb.es/css/capitulo_8.html]
[librosweb.es/css/capitulo_8/estilos_avanzados_2.html]
[librosweb.es/css/capitulo_9.html]
[librosweb.es/css/capitulo_9/estilos_avanzados_3.html]
[librosweb.es/css/capitulo_2/colisiones_de_estilos.html]
[librosweb.es/css/capitulo_10.html]
[librosweb.es/css/capitulo_10/estilos_avanzados_4.html]
[librosweb.es/css/capitulo_3.html]
[librosweb.es/css/capitulo_11.html]
[librosweb.es/css/capitulo_11/estilos_avanzados_5.html]
[librosweb.es/css/capitulo_3/unidades_de_medida.html]
[librosweb.es/css/capitulo_12.html]
[librosweb.es/css/capitulo_12/centrar_una_pagina_horizontalmente.html]
[librosweb.es/css/capitulo_12/centrar_una_pagina_verticalmente.html]
[librosweb.es/css/capitulo_3/colores.html]
[librosweb.es/css/capitulo_12/estructura_o_layout.html]
[librosweb.es/css/capitulo_12/alturas_anchuras_maximas_y_minimas.html]
[librosweb.es/css/capitulo_12/estilos_avanzados_6.html]
[librosweb.es/css/capitulo_4.html]
[librosweb.es/css/capitulo_13.html]
[librosweb.es/css/capitulo_13/version_para_imprimir.html]
[librosweb.es/css/capitulo_4/anchura_y_altura.html]
[librosweb.es/css/capitulo_13/personalizar_el_cursor.html]
[librosweb.es/css/capitulo_13/hacks_y_filtros.html]
[librosweb.es/css/capitulo_4/margen_y_relleno.html]
[librosweb.es/css/capitulo_13/prioridad_de_las_declaraciones_css.html]
[librosweb.es/css/capitulo_4/bordes.html]
[librosweb.es/css/capitulo_13/validador.html]
[librosweb.es/css/capitulo_13/recomendaciones_generales_sobre_css.html]
[librosweb.es/css/capitulo_4/margen_relleno_bordes_y_modelo_de_cajas.html]
[librosweb.es/css/capitulo_14.html]
[librosweb.es/css/capitulo_14/extensiones_de_firefox.html]
[librosweb.es/css/capitulo_4/fondos.html]
[librosweb.es/css/capitulo_14/aplicaciones_web.html]
[librosweb.es/css/capitulo_5.html]
[librosweb.es/css/capitulo_14/sitios_web_de_inspiracion.html]
[librosweb.es/css/capitulo_14/referencias_y_colecciones_de_recursos.html]
[librosweb.es/css/capitulo_5/tipos_de_elementos.html]
[librosweb.es/css/capitulo_15.html]
[librosweb.es/css/capitulo_15/ejercicio_2.html]
[librosweb.es/css/capitulo_15/ejercicio_3.html]
[librosweb.es/css/capitulo_5/posicionamiento.html]
[librosweb.es/css/capitulo_15/ejercicio_4.html]
[librosweb.es/css/capitulo_15/ejercicio_5.html]
[librosweb.es/css/capitulo_5/posicionamiento_normal.html]
[librosweb.es/css/capitulo_15/ejercicio_6.html]
[librosweb.es/css/capitulo_15/ejercicio_7.html]
[librosweb.es/css/capitulo_5/posicionamiento_relativo.html]
[librosweb.es/css/capitulo_15/ejercicio_8.html]
[librosweb.es/css/capitulo_15/ejercicio_9.html]
[librosweb.es/css/capitulo_5/posicionamiento_absoluto.html]
[librosweb.es/css/capitulo_15/ejercicio_10.html]
[librosweb.es/css/capitulo_15/ejercicio_11.html]
[librosweb.es/css/capitulo_5/posicionamiento_fijo.html]
[librosweb.es/css/capitulo_15/ejercicio_12.html]
[librosweb.es/css/capitulo_15/ejercicio_13.html]
[librosweb.es/css/capitulo_5/posicionamiento_flotante.html]
[librosweb.es/css/capitulo_16.html]
[librosweb.es/css/capitulo_5/visualizacion.html]
[librosweb.es/css/capitulo_16/solucion_ejercicio_1.html]
[librosweb.es/css/capitulo_16/solucion_ejercicio_2.html]
[librosweb.es/css/capitulo_6.html]
[librosweb.es/css/capitulo_16/solucion_ejercicio_3.html]
[librosweb.es/css/capitulo_16/solucion_ejercicio_4.html]
[librosweb.es/css/capitulo_6/texto_2.html]
[librosweb.es/css/capitulo_16/solucion_ejercicio_5.html]
[librosweb.es/css/capitulo_16/solucion_ejercicio_6.html]
[librosweb.es/css/capitulo_7.html]
[librosweb.es/css/capitulo_16/solucion_ejercicio_7.html]
[librosweb.es/css/capitulo_16/solucion_ejercicio_8.html]
[librosweb.es/css/capitulo_16/solucion_ejercicio_9.html]
[librosweb.es/css/capitulo_7/estilos_avanzados.html]
[librosweb.es/css/capitulo_16/solucion_ejercicio_10.html]
[librosweb.es/css/capitulo_16/solucion_ejercicio_11.html]
[librosweb.es/css/capitulo_8.html]
[librosweb.es/img/covers/css.png]
[librosweb.es/css/capitulo_16/solucion_ejercicio_12.html]
[librosweb.es/css/capitulo_8/estilos_avanzados_2.html]
[librosweb.es/css/capitulo_16/solucion_ejercicio_13.html]
[librosweb.es/css/capitulo_9.html]
[librosweb.es/img/css/f0303.gif]
[librosweb.es/img/css/f0101.gif]
[librosweb.es/css/capitulo_9/estilos_avanzados_3.html]
[pagead2.googlesyndication.com/pagead/js/f.txt]
[librosweb.es/img/css/f0402.gif]
[librosweb.es/img/css/f0305.gif]
[librosweb.es/css/index-2.html]
[librosweb.es/css/capitulo_10.html]
[librosweb.es/img/css/f0403.gif]
[librosweb.es/img/css/f0428.gif]
[librosweb.es/img/css/f0401.gif]
[librosweb.es/css/capitulo_10/estilos_avanzados_4.html]
[librosweb.es/css/capitulo_11.html]
[librosweb.es/css/capitulo_11/estilos_avanzados_5.html]
[librosweb.es/img/css/f0406.gif]
[librosweb.es/img/css/f0429.gif]
[librosweb.es/img/css/f0404.gif]
[librosweb.es/img/css/f0407.gif]
[librosweb.es/css/capitulo_12.html]
[librosweb.es/img/css/f0408.gif]
[librosweb.es/img/css/f0430.gif]
[librosweb.es/img/css/f0410.gif]
[librosweb.es/css/capitulo_12/centrar_una_pagina_horizontalmente.html]
[librosweb.es/css/capitulo_12/centrar_una_pagina_verticalmente.html]
[librosweb.es/css/capitulo_12/estructura_o_layout.html]
[librosweb.es/img/css/f0412.gif]
[librosweb.es/img/css/f0411.gif]
[librosweb.es/img/css/f0413.gif]
[librosweb.es/img/css/f0414.gif]
[librosweb.es/css/capitulo_12/alturas_anchuras_maximas_y_minimas.html]
[librosweb.es/img/css/f0415.gif]
[librosweb.es/img/css/f0416.gif]
[librosweb.es/img/css/f0421.gif]
[librosweb.es/css/capitulo_12/estilos_avanzados_6.html]
[librosweb.es/css/capitulo_13.html]
[librosweb.es/css/capitulo_13/version_para_imprimir.html]
[librosweb.es/img/css/f0417.gif]
[librosweb.es/img/css/f0418.gif]
[librosweb.es/img/css/f0419.gif]
[librosweb.es/img/css/f0420.gif]
[librosweb.es/css/capitulo_13/personalizar_el_cursor.html]
[librosweb.es/css/capitulo_13/hacks_y_filtros.html]
[librosweb.es/css/capitulo_13/prioridad_de_las_declaraciones_css.html]
[librosweb.es/img/css/f0502.gif]
[librosweb.es/img/css/f0503.gif]
[librosweb.es/img/css/f0501.gif]
[librosweb.es/img/css/f0504.gif]
[librosweb.es/css/capitulo_13/validador.html]
[librosweb.es/img/css/f0505.gif]
[librosweb.es/img/css/f0506.gif]
[librosweb.es/img/css/f0516.gif]
[librosweb.es/css/capitulo_13/recomendaciones_generales_sobre_css.html]
[librosweb.es/img/css/f0517.gif]
[librosweb.es/img/css/f0518.gif]
[librosweb.es/css/capitulo_14.html]
[librosweb.es/img/css/f0520.gif]
[librosweb.es/img/css/f0519.gif]
[librosweb.es/img/css/f0521.gif]
[librosweb.es/img/css/f0507.gif]
[librosweb.es/img/css/f0508.gif]
[librosweb.es/img/css/f0509.gif]
[librosweb.es/img/css/f0510.gif]
[librosweb.es/css/capitulo_14/extensiones_de_firefox.html]
[librosweb.es/css/capitulo_14/aplicaciones_web.html]
[librosweb.es/css/capitulo_14/sitios_web_de_inspiracion.html]
[librosweb.es/img/css/f0513.gif]
[librosweb.es/img/css/f0514.gif]
[librosweb.es/img/css/f0511.gif]
[librosweb.es/css/capitulo_14/referencias_y_colecciones_de_recursos.html]
[librosweb.es/css/capitulo_15.html]
[librosweb.es/img/css/f0522.gif]
[librosweb.es/img/css/f0523.gif]
[librosweb.es/css/capitulo_15/ejercicio_2.html]
[librosweb.es/img/css/f0524.gif]
[librosweb.es/img/css/f0525.gif]
[librosweb.es/css/capitulo_15/ejercicio_3.html]
[librosweb.es/css/capitulo_15/ejercicio_4.html]
[librosweb.es/img/css/f0601.gif]
[librosweb.es/img/css/f0602.gif]
[librosweb.es/css/capitulo_15/ejercicio_5.html]
[librosweb.es/css/capitulo_15/ejercicio_6.html]
[librosweb.es/css/capitulo_15/ejercicio_7.html]
[librosweb.es/img/css/f0603.gif]
[librosweb.es/img/css/f0604.gif]
[librosweb.es/img/css/f0605.gif]
[librosweb.es/img/css/f0606.gif]
[librosweb.es/css/capitulo_15/ejercicio_8.html]
[librosweb.es/css/capitulo_15/ejercicio_9.html]
[librosweb.es/css/capitulo_15/ejercicio_10.html]
[librosweb.es/img/css/f0610.gif]
[librosweb.es/img/css/f0608.gif]
[librosweb.es/img/css/f0609.gif]
[librosweb.es/img/css/f0607.gif]
[librosweb.es/css/capitulo_15/ejercicio_11.html]
[librosweb.es/css/capitulo_15/ejercicio_12.html]
[librosweb.es/img/css/f0612.gif]
[librosweb.es/img/css/f0611.gif]
[librosweb.es/img/css/f0613.gif]
[librosweb.es/css/capitulo_15/ejercicio_13.html]
[librosweb.es/css/capitulo_16.html]
[librosweb.es/css/capitulo_16/solucion_ejercicio_1.html]
[librosweb.es/css/capitulo_16/solucion_ejercicio_2.html]
[librosweb.es/img/css/f0704.gif]
[librosweb.es/img/css/f0702.gif]
[librosweb.es/img/css/f0701.gif]
[librosweb.es/img/css/f0703.gif]
[librosweb.es/css/capitulo_16/solucion_ejercicio_3.html]
[librosweb.es/css/capitulo_16/solucion_ejercicio_4.html]
[librosweb.es/css/capitulo_16/solucion_ejercicio_5.html]
[librosweb.es/img/css/f0801.gif]
[librosweb.es/img/css/f0901.gif]
[librosweb.es/img/css/f0705.gif]
[librosweb.es/img/css/f0902.gif]
[librosweb.es/css/capitulo_16/solucion_ejercicio_6.html]
[librosweb.es/css/capitulo_16/solucion_ejercicio_7.html]
[librosweb.es/img/css/f0903.gif]
[librosweb.es/img/css/f0904.gif]
[librosweb.es/css/capitulo_16/solucion_ejercicio_8.html]
[librosweb.es/img/css/f0905.gif]
[librosweb.es/img/css/f0906.gif]
[librosweb.es/css/capitulo_16/solucion_ejercicio_9.html]
[librosweb.es/css/capitulo_16/solucion_ejercicio_10.html]
[librosweb.es/css/capitulo_16/solucion_ejercicio_11.html]
[librosweb.es/css/capitulo_16/solucion_ejercicio_12.html]
[librosweb.es/img/css/f0908.gif]
[librosweb.es/img/css/f0907.gif]
[librosweb.es/img/css/f0909.png]
[librosweb.es/img/css/f0910.png]
[librosweb.es/css/capitulo_16/solucion_ejercicio_13.html]
[librosweb.es/css/index-2.html]
[librosweb.es/img/css/f0915.gif]
[librosweb.es/img/css/f0912.png]
[librosweb.es/img/css/f0914.gif]
[librosweb.es/img/css/f0911.png]
[librosweb.es/img/css/f1003.gif]
[librosweb.es/img/css/f1001.gif]
[librosweb.es/img/css/f1004.gif]
[librosweb.es/img/css/f1002.gif]
[librosweb.es/img/css/f1007.gif]
[librosweb.es/img/css/f1005.gif]
[librosweb.es/img/css/f1101.gif]
[librosweb.es/img/css/f1013.gif]
[librosweb.es/img/css/f1103.gif]
[librosweb.es/img/css/f1102.gif]
[librosweb.es/img/css/f1105.gif]
[librosweb.es/img/css/f1104.gif]
[librosweb.es/img/css/f1107.gif]
[librosweb.es/img/css/f1106.gif]
[librosweb.es/img/css/f1201.gif]
[librosweb.es/img/css/f1108.gif]
[librosweb.es/img/css/f1203.gif]
[librosweb.es/img/css/f1202.gif]
[librosweb.es/img/css/f1205.gif]
[librosweb.es/img/css/f1204.gif]
[librosweb.es/img/css/f1212.gif]
[librosweb.es/img/css/f1206.gif]
[librosweb.es/img/css/f1208.gif]
[librosweb.es/img/css/f1207.gif]
[librosweb.es/img/css/f1210.gif]
[librosweb.es/img/css/f1209.gif]
[librosweb.es/img/css/f1301.gif]
[librosweb.es/img/css/f1211.gif]
[librosweb.es/img/css/f1303.gif]
[librosweb.es/img/css/f1302.gif]
[librosweb.es/img/css/f1305.gif]
[librosweb.es/img/css/f1304.gif]
[librosweb.es/img/css/f1307.gif]
[librosweb.es/img/css/f1306.gif]
[librosweb.es/img/css/f1309.gif]
[librosweb.es/img/css/f1308.gif]
[librosweb.es/img/css/f1311.gif]
[librosweb.es/img/css/f1310.gif]
[librosweb.es/img/css/f1313.gif]
[librosweb.es/img/css/f1312.gif]
[librosweb.es/img/css/f1315.gif]
[librosweb.es/img/css/f1314.gif]
[librosweb.es/img/css/f1317.gif]
[librosweb.es/img/css/f1316.gif]
[librosweb.es/img/css/f1319.gif]
[librosweb.es/img/css/f1318.gif]
[librosweb.es/img/css/f1321.gif]
[librosweb.es/img/css/f1320.gif]
[librosweb.es/img/css/f1323.gif]
[librosweb.es/img/css/f1322.gif]
[librosweb.es/img/css/f1325.gif]
[librosweb.es/img/css/f1324.gif]
[librosweb.es/img/css/f1327.gif]
[librosweb.es/img/css/f1326.gif]
[librosweb.es/img/css/f1329.gif]
[librosweb.es/img/css/f1328.gif]
[librosweb.es/img/css/f1401.gif]
[librosweb.es/img/css/f1402.gif]
[librosweb.es/img/css/f1404.gif]
[librosweb.es/img/css/f1403.gif]
[librosweb.es/img/css/e0201.png]
[librosweb.es/img/css/e0301.gif]
[librosweb.es/img/css/e0302.gif]
[librosweb.es/img/css/e0401.gif]
[librosweb.es/img/css/e0501.gif]
[librosweb.es/ejercicios/css/ejercicio3/ejercicio3.css]
[librosweb.es/ejercicios/css/comun/imagenes/fondo_menu.gif]
[librosweb.es/ejercicios/css/comun/imagenes/logo.gif]
[librosweb.es/ejercicios/css/ejercicio4/ejercicio4.css]
[librosweb.es/img/css/e0701.gif]
[librosweb.es/ejercicios/css/ejercicio5/ejercicio5.css]
[librosweb.es/ejercicios/css/ejercicio7/ejercicio7.css]
[librosweb.es/img/css/f0706.gif]
[librosweb.es/img/css/f0802.gif]
[librosweb.es/img/css/f0916.gif]
[librosweb.es/ejercicios/css/comun/imagenes/imagen.png]
[librosweb.es/img/css/f0918.gif]
[librosweb.es/img/css/f0917.gif]
[librosweb.es/ejercicios/css/comun/imagenes/flecha_inactiva.png]
[librosweb.es/img/css/f0919.gif]
[librosweb.es/img/css/f1008.gif]
[librosweb.es/ejercicios/css/comun/imagenes/flecha_activa.png]
[librosweb.es/img/css/f1010.gif]
[librosweb.es/img/css/f1009.gif]
[librosweb.es/img/css/f1012.gif]
[librosweb.es/img/css/f1011.gif]
[librosweb.es/ejercicios/css/comun/imagenes/euro.png]
[librosweb.es/ejercicios/css/comun/imagenes/fondo_gris.gif]
[librosweb.es/ejercicios/css/comun/imagenes/yen.png]
[librosweb.es/ejercicios/css/comun/imagenes/dolar.png]
[librosweb.es/img/css/e1201.gif]
[librosweb.es/ejercicios/css/comun/imagenes/libra.png]
[librosweb.es/img/css/e1203.gif]
[librosweb.es/img/css/e1202.gif]
[librosweb.es/img/css/e1301.gif]
[librosweb.es/img/css/e1204.gif]
[librosweb.es/img/css/e1303.gif]
[librosweb.es/img/css/e1302.gif]
[librosweb.es/img/css/e1304.gif]
[librosweb.es/ejercicios/css/soluciones/ejercicio3/ejercicio3.css]
[librosweb.es/ejercicios/css/soluciones/ejercicio4/ejercicio4.css]
[librosweb.es/ejercicios/css/soluciones/ejercicio5/ejercicio5.css]
[librosweb.es/ejercicios/css/soluciones/ejercicio7/ejercicio7.css]
[librosweb.es/img/css/f0512.gif]
[librosweb.es/ejercicios/css/soluciones/comun/imagenes/logo.html]
[librosweb.es/ejercicios/css/soluciones/comun/imagenes/fondo_menu.html]
[librosweb.es/ejercicios/css/soluciones/comun/imagenes/logo.html]
[librosweb.es/ejercicios/css/soluciones/comun/imagenes/fondo_menu.html]
[librosweb.es/css/capitulo_14/_addons.mozilla.org/firefox/addon/1146]
