[uniwebsidad.com/libros/xhtml.html]
[backblue.gif]
[fade.gif]
[index.html]
[external.html]
[uniwebsidad.com/libros/xhtml.html]
[uniwebsidad.com/libros/xhtml/capitulo-1.html]
[uniwebsidad.com/libros/xhtml/capitulo-1/breve-historia-de-html.html]
[uniwebsidad.com/libros/xhtml/capitulo-1.html]
[uniwebsidad.com/libros/xhtml/capitulo-1/especificacion-oficial.html]
[uniwebsidad.com/libros/xhtml/capitulo-1/html-y-xhtml.html]
[uniwebsidad.com/libros/xhtml/capitulo-1/breve-historia-de-html.html]
[uniwebsidad.com/libros/xhtml/capitulo-1/html-y-css.html]
[uniwebsidad.com/libros/xhtml/capitulo-1/especificacion-oficial.html]
[uniwebsidad.com/libros/xhtml/capitulo-2.html]
[uniwebsidad.com/libros/xhtml/capitulo-1/html-y-xhtml.html]
[uniwebsidad.com/libros/xhtml/capitulo-2/el-primer-documento-html.html]
[uniwebsidad.com/libros/xhtml/capitulo-1/html-y-css.html]
[uniwebsidad.com/libros/xhtml/capitulo-2/etiquetas-y-atributos.html]
[uniwebsidad.com/libros/xhtml/capitulo-2.html]
[uniwebsidad.com/libros/xhtml/capitulo-2/elementos-html.html]
[uniwebsidad.com/libros/xhtml/capitulo-2/el-primer-documento-html.html]
[uniwebsidad.com/libros/xhtml/capitulo-2/sintaxis-de-las-etiquetas-xhtml.html]
[uniwebsidad.com/libros/xhtml/capitulo-2/etiquetas-y-atributos.html]
[uniwebsidad.com/libros/xhtml/capitulo-3.html]
[uniwebsidad.com/libros/xhtml/capitulo-2/elementos-html.html]
[uniwebsidad.com/libros/xhtml/capitulo-3/estructurar.html]
[uniwebsidad.com/libros/xhtml/capitulo-2/sintaxis-de-las-etiquetas-xhtml.html]
[uniwebsidad.com/libros/xhtml/capitulo-3/marcado-basico-de-texto.html]
[uniwebsidad.com/libros/xhtml/capitulo-3.html]
[uniwebsidad.com/libros/xhtml/capitulo-3/marcado-avanzado-de-texto.html]
[uniwebsidad.com/libros/xhtml/capitulo-3/marcado-generico-de-texto.html]
[uniwebsidad.com/libros/xhtml/capitulo-2/etiquetas_y_atributos]
[uniwebsidad.com/libros/xhtml/capitulo-3/estructurar.html]
[uniwebsidad.com/libros/xhtml/capitulo-3/codificacion-de-caracteres.html]
[uniwebsidad.com/libros/xhtml/capitulo-3/marcado-basico-de-texto.html]
[uniwebsidad.com/libros/xhtml/capitulo-3/espacios-en-blanco-y-nuevas-lineas.html]
[uniwebsidad.com/libros/xhtml/capitulo-3/marcado-avanzado-de-texto.html]
[uniwebsidad.com/libros/xhtml/capitulo-4.html]
[uniwebsidad.com/libros/xhtml/capitulo-3/marcado-generico-de-texto.html]
[uniwebsidad.com/libros/xhtml/capitulo-4/url.html]
[uniwebsidad.com/libros/xhtml/capitulo-3/espacios-en-blanco-y-nuevas-lineas.html]
[uniwebsidad.com/libros/xhtml/capitulo-4/enlaces-relativos-y-absolutos.html]
[uniwebsidad.com/libros/xhtml/capitulo-3/codificacion-de-caracteres.html]
[uniwebsidad.com/libros/xhtml/capitulo-4/enlaces-basicos.html]
[uniwebsidad.com/libros/xhtml/capitulo-4.html]
[uniwebsidad.com/libros/xhtml/capitulo-4/enlaces-avanzados.html]
[uniwebsidad.com/libros/xhtml/capitulo-4/url.html]
[uniwebsidad.com/libros/xhtml/capitulo-4/otros-tipos-de-enlaces.html]
[uniwebsidad.com/libros/xhtml/capitulo-4/enlaces-relativos-y-absolutos.html]
[uniwebsidad.com/libros/xhtml/capitulo-4/ejemplos-de-enlaces-habituales.html]
[uniwebsidad.com/libros/xhtml/capitulo-4/enlaces-basicos.html]
[uniwebsidad.com/libros/xhtml/capitulo-5.html]
[uniwebsidad.com/libros/xhtml/capitulo-4/enlaces-avanzados.html]
[uniwebsidad.com/libros/xhtml/capitulo-5/listas-no-ordenadas.html]
[uniwebsidad.com/libros/xhtml/capitulo-4/otros-tipos-de-enlaces.html]
[uniwebsidad.com/libros/xhtml/capitulo-5/listas-ordenadas.html]
[uniwebsidad.com/libros/xhtml/capitulo-4/ejemplos-de-enlaces-habituales.html]
[uniwebsidad.com/libros/xhtml/capitulo-5/listas-de-definicion.html]
[uniwebsidad.com/libros/xhtml/capitulo-5.html]
[uniwebsidad.com/libros/xhtml/capitulo-6.html]
[uniwebsidad.com/libros/xhtml/capitulo-5/listas-no-ordenadas.html]
[uniwebsidad.com/libros/xhtml/capitulo-6/mapas-de-imagen.html]
[uniwebsidad.com/libros/xhtml/capitulo-5/listas-ordenadas.html]
[uniwebsidad.com/libros/xhtml/capitulo-6/objetos.html]
[uniwebsidad.com/libros/xhtml/capitulo-5/listas-de-definicion.html]
[uniwebsidad.com/libros/xhtml/capitulo-7.html]
[uniwebsidad.com/libros/xhtml/capitulo-6.html]
[uniwebsidad.com/libros/xhtml/capitulo-7/tablas-basicas.html]
[uniwebsidad.com/libros/xhtml/capitulo-6/mapas-de-imagen.html]
[uniwebsidad.com/libros/xhtml/capitulo-7/tablas-avanzadas.html]
[uniwebsidad.com/libros/xhtml/capitulo-6/objetos.html]
[uniwebsidad.com/libros/xhtml/capitulo-8.html]
[uniwebsidad.com/libros/xhtml/capitulo-7.html]
[uniwebsidad.com/libros/xhtml/capitulo-8/formularios-basicos.html]
[uniwebsidad.com/libros/xhtml/capitulo-7/tablas-basicas.html]
[uniwebsidad.com/libros/xhtml/capitulo-8/elementos-de-formulario.html]
[uniwebsidad.com/libros/xhtml/capitulo-7/tablas-avanzadas.html]
[uniwebsidad.com/libros/xhtml/capitulo-8/formularios-avanzados.html]
[uniwebsidad.com/libros/xhtml/capitulo-8.html]
[uniwebsidad.com/libros/xhtml/capitulo-8/otros-elementos-de-formulario.html]
[uniwebsidad.com/libros/xhtml/capitulo-8/formularios-basicos.html]
[uniwebsidad.com/libros/xhtml/capitulo-9.html]
[uniwebsidad.com/libros/xhtml/capitulo-8/elementos-de-formulario.html]
[uniwebsidad.com/libros/xhtml/capitulo-10.html]
[uniwebsidad.com/libros/xhtml/capitulo-8/formularios-avanzados.html]
[uniwebsidad.com/libros/xhtml/capitulo-10/estructura-de-la-cabecera.html]
[uniwebsidad.com/libros/xhtml/capitulo-8/otros-elementos-de-formulario.html]
[uniwebsidad.com/libros/xhtml/capitulo-10/metadatos.html]
[uniwebsidad.com/libros/xhtml/capitulo-9.html]
[uniwebsidad.com/libros/xhtml/capitulo-10/doctype.html]
[uniwebsidad.com/libros/xhtml/capitulo-10.html]
[uniwebsidad.com/libros/xhtml/capitulo-11.html]
[uniwebsidad.com/libros/xhtml/capitulo-10/estructura-de-la-cabecera.html]
[uniwebsidad.com/libros/xhtml/capitulo-11/javascript.html]
[uniwebsidad.com/libros/xhtml/capitulo-10/metadatos.html]
[uniwebsidad.com/libros/xhtml/capitulo-11/css.html]
[uniwebsidad.com/libros/xhtml/capitulo-10/doctype.html]
[uniwebsidad.com/libros/xhtml/capitulo-11/iframes.html]
[uniwebsidad.com/libros/xhtml/capitulo-11.html]
[uniwebsidad.com/libros/xhtml/capitulo-11/otras-etiquetas.html]
[uniwebsidad.com/libros/xhtml/capitulo-11/javascript.html]
[uniwebsidad.com/libros/xhtml/capitulo-12.html]
[uniwebsidad.com/libros/xhtml/capitulo-11/css.html]
[uniwebsidad.com/libros/xhtml/capitulo-12/requisitos-del-nivel-a-de-accesibilidad.html]
[uniwebsidad.com/libros/xhtml/capitulo-11/iframes.html]
[uniwebsidad.com/libros/xhtml/capitulo-13.html]
[uniwebsidad.com/libros/xhtml/capitulo-11/otras-etiquetas.html]
[uniwebsidad.com/libros/xhtml/capitulo-13/validacion-con-dreamweaver.html]
[uniwebsidad.com/libros/xhtml/capitulo-12.html]
[uniwebsidad.com/libros/xhtml/capitulo-13/validador-del-w3c.html]
[uniwebsidad.com/libros/xhtml/capitulo-12/requisitos-del-nivel-a-de-accesibilidad.html]
[uniwebsidad.com/libros/xhtml/capitulo-13/otros-validadores.html]
[uniwebsidad.com/libros/xhtml/capitulo-13.html]
[uniwebsidad.com/libros/xhtml/capitulo-14.html]
[uniwebsidad.com/libros/xhtml/capitulo-13/validacion-con-dreamweaver.html]
[uniwebsidad.com/libros/xhtml/capitulo-14/documento-xhtml.html]
[uniwebsidad.com/libros/xhtml/capitulo-13/validador-del-w3c.html]
[uniwebsidad.com/libros/xhtml/capitulo-14/cabecera-xhtml.html]
[uniwebsidad.com/libros/xhtml/capitulo-13/otros-validadores.html]
[uniwebsidad.com/libros/xhtml/capitulo-14/tabla.html]
[uniwebsidad.com/libros/xhtml/capitulo-14.html]
[uniwebsidad.com/libros/xhtml/capitulo-14/formulario.html]
[uniwebsidad.com/libros/xhtml/capitulo-14/documento-xhtml.html]
[uniwebsidad.com/libros/xhtml/capitulo-15.html]
[uniwebsidad.com/libros/xhtml/capitulo-14/cabecera-xhtml.html]
[uniwebsidad.com/libros/xhtml/capitulo-15/ejercicio-2.html]
[uniwebsidad.com/libros/xhtml/capitulo-14/tabla.html]
[uniwebsidad.com/libros/xhtml/capitulo-15/ejercicio-3.html]
[uniwebsidad.com/libros/xhtml/capitulo-14/formulario.html]
[uniwebsidad.com/libros/xhtml/capitulo-15/ejercicio-4.html]
[uniwebsidad.com/libros/xhtml/capitulo-15.html]
[uniwebsidad.com/libros/xhtml/capitulo-15/ejercicio-5.html]
[uniwebsidad.com/libros/xhtml/capitulo-15/ejercicio-2.html]
[uniwebsidad.com/libros/xhtml/capitulo-15/ejercicio-6.html]
[uniwebsidad.com/libros/xhtml/capitulo-15/ejercicio-3.html]
[uniwebsidad.com/libros/xhtml/capitulo-15/ejercicio-7.html]
[uniwebsidad.com/libros/xhtml/capitulo-15/ejercicio-4.html]
[uniwebsidad.com/libros/xhtml/capitulo-15/ejercicio-8.html]
[uniwebsidad.com/libros/xhtml/capitulo-15/ejercicio-5.html]
[uniwebsidad.com/libros/xhtml/capitulo-15/ejercicio-9.html]
[uniwebsidad.com/libros/xhtml/capitulo-15/ejercicio-6.html]
[uniwebsidad.com/libros/xhtml/capitulo-15/ejercicio-10.html]
[uniwebsidad.com/libros/xhtml/capitulo-15/ejercicio-7.html]
[uniwebsidad.com/libros/xhtml/capitulo-15/ejercicio-11.html]
[uniwebsidad.com/libros/xhtml/capitulo-15/ejercicio-8.html]
[uniwebsidad.com/libros/xhtml/capitulo-15/ejercicio-12.html]
[uniwebsidad.com/libros/xhtml/capitulo-15/ejercicio-9.html]
[uniwebsidad.com/libros/xhtml/capitulo-15/ejercicio-13.html]
[uniwebsidad.com/libros/xhtml/capitulo-15/ejercicio-10.html]
[uniwebsidad.com/libros/xhtml/capitulo-15/ejercicio-14.html]
[uniwebsidad.com/libros/xhtml/capitulo-15/ejercicio-11.html]
[uniwebsidad.com/libros/xhtml/capitulo-15/ejercicio-15.html]
[uniwebsidad.com/libros/xhtml/capitulo-15/ejercicio-12.html]
[uniwebsidad.com/libros/xhtml/capitulo-15/ejercicio-13.html]
[uniwebsidad.com/libros/xhtml/capitulo-15/ejercicio-14.html]
[uniwebsidad.com/libros/xhtml/capitulo-15/ejercicio-15.html]
[uniwebsidad.com/libros/xhtml/capitulo-15/ejercicio-16.html]
[uniwebsidad.com/libros/xhtml/capitulo-15/ejercicio-16.html]
[uniwebsidad.com/libros/xhtml/capitulo-2/etiquetas_y_atributos.html]
[pagead2.googlesyndication.com/pagead/js/f.txt]
[www.google-analytics.com/analytics.js]
[ajax.cloudflare.com/cdn-cgi/scripts/95c75768/cloudflare-static/rocket-loader.min.js]
[uniwebsidad.com/static/libros/imagenes/xhtml/esquema_evolucion_html_xhtml.gif]
[uniwebsidad.com/static/libros/imagenes/xhtml/separacion_contenidos_presentacion.gif]
[uniwebsidad.com/static/libros/imagenes/xhtml/esquema_codificacion_caracteres.gif]
[uniwebsidad.com/static/libros/imagenes/xhtml/esquema_partes_documento_html.gif]
[uniwebsidad.com/static/libros/imagenes/xhtml/ejemplo_primer_documento_html.gif]
[uniwebsidad.com/static/libros/imagenes/xhtml/esquema_etiquetas_documento_html.gif]
[uniwebsidad.com/static/libros/imagenes/xhtml/e0101.gif]
[uniwebsidad.com/static/libros/imagenes/xhtml/ejemplo_etiquetas_atributos.gif]
[uniwebsidad.com/static/libros/imagenes/xhtml/esquema_elementos_html.gif]
[uniwebsidad.com/static/libros/imagenes/xhtml/ejemplo_elementos_linea_bloque.gif]
[uniwebsidad.com/static/libros/imagenes/xhtml/f0301.gif]
[uniwebsidad.com/static/libros/imagenes/xhtml/f0302.gif]
[uniwebsidad.com/static/libros/imagenes/xhtml/ejemplo_estructurar_parrafos.gif]
[uniwebsidad.com/static/libros/imagenes/xhtml/ejemplo_estructurar_secciones.gif]
[uniwebsidad.com/static/libros/imagenes/xhtml/ejemplo_etiqueta_h1.gif]
[uniwebsidad.com/static/libros/imagenes/xhtml/ejemplo_etiqueta_em_strong.gif]
[uniwebsidad.com/static/libros/imagenes/xhtml/e0201.gif]
[uniwebsidad.com/static/libros/imagenes/xhtml/ejemplo_etiqueta_ins_del.gif]
[uniwebsidad.com/static/libros/imagenes/xhtml/ejemplo_etiqueta_blockquote.gif]
[uniwebsidad.com/static/libros/imagenes/xhtml/ejemplo_etiqueta_acronym.gif]
[uniwebsidad.com/static/libros/imagenes/xhtml/e0301.gif]
[uniwebsidad.com/cdn-cgi/scripts/5c5dd728/cloudflare-static/email-decode.min.js]
[uniwebsidad.com/static/libros/imagenes/xhtml/ejemplo_etiqueta_p.gif]
[uniwebsidad.com/static/libros/imagenes/xhtml/ejemplo_etiqueta_br.gif]
[uniwebsidad.com/static/libros/imagenes/xhtml/ejemplo_entidad_nbsp.gif]
[uniwebsidad.com/static/libros/imagenes/xhtml/e0401.gif]
[uniwebsidad.com/static/libros/imagenes/xhtml/ejemplo_etiqueta_pre.gif]
[uniwebsidad.com/static/libros/imagenes/xhtml/ejemplo_etiqueta_pre_scroll.gif]
[uniwebsidad.com/static/libros/imagenes/xhtml/ejemplo_etiqueta_code.gif]
[uniwebsidad.com/static/libros/imagenes/xhtml/e0501.gif]
[uniwebsidad.com/static/libros/imagenes/xhtml/ejemplo_tipos_enlaces.gif]
[uniwebsidad.com/static/libros/imagenes/xhtml/e0601.gif]
[uniwebsidad.com/static/libros/imagenes/xhtml/e0602.gif]
[uniwebsidad.com/static/libros/imagenes/xhtml/e0603.gif]
[uniwebsidad.com/static/libros/imagenes/xhtml/f0501.gif]
[uniwebsidad.com/static/libros/imagenes/xhtml/f0502.gif]
[uniwebsidad.com/static/libros/imagenes/xhtml/f0503.gif]
[uniwebsidad.com/static/libros/imagenes/xhtml/e0801.gif]
[uniwebsidad.com/static/libros/imagenes/xhtml/e0901.gif]
[uniwebsidad.com/static/libros/imagenes/xhtml/e1001.gif]
[uniwebsidad.com/static/libros/imagenes/xhtml/ejemplo_mapa_imagen.gif]
[uniwebsidad.com/static/libros/imagenes/xhtml/f0701.gif]
[uniwebsidad.com/static/libros/imagenes/xhtml/ejemplo_tabla_sencilla.gif]
[uniwebsidad.com/static/libros/imagenes/xhtml/e1101.gif]
[uniwebsidad.com/static/libros/imagenes/xhtml/e1201.gif]
[uniwebsidad.com/static/libros/imagenes/xhtml/ejemplo_fusion_columnas_sencillo.gif]
[uniwebsidad.com/static/libros/imagenes/xhtml/ejemplo_fusion_filas_sencillo.gif]
[uniwebsidad.com/static/libros/imagenes/xhtml/ejemplo_fusion_columnas.gif]
[uniwebsidad.com/static/libros/imagenes/xhtml/ejemplo_fusion_filas.gif]
[uniwebsidad.com/static/libros/imagenes/xhtml/e1301.gif]
[uniwebsidad.com/static/libros/imagenes/xhtml/ejemplo_tabla_compleja.png]
[uniwebsidad.com/static/libros/imagenes/xhtml/ejemplo_tabla_avanzada.gif]
[uniwebsidad.com/static/libros/imagenes/xhtml/ejemplo_tabla_avanzada_col.gif]
[uniwebsidad.com/static/libros/imagenes/xhtml/ejemplo_tabla_avanzada_colgroup.gif]
[uniwebsidad.com/static/libros/imagenes/xhtml/f0801.gif]
[uniwebsidad.com/static/libros/imagenes/xhtml/ejemplo_input_type_text.gif]
[uniwebsidad.com/static/libros/imagenes/xhtml/ejemplo_input_type_password.gif]
[uniwebsidad.com/static/libros/imagenes/xhtml/ejemplo_input_type_checkbox.gif]
[uniwebsidad.com/static/libros/imagenes/xhtml/ejemplo_input_type_radio.gif]
[uniwebsidad.com/static/libros/imagenes/xhtml/ejemplo_input_type_submit.gif]
[uniwebsidad.com/static/libros/imagenes/xhtml/ejemplo_input_type_reset.gif]
[uniwebsidad.com/static/libros/imagenes/xhtml/ejemplo_input_type_file.gif]
[uniwebsidad.com/static/libros/imagenes/xhtml/ejemplo_input_type_hidden.gif]
[uniwebsidad.com/static/libros/imagenes/xhtml/ejemplo_input_type_image.gif]
[uniwebsidad.com/static/libros/imagenes/xhtml/ejemplo_input_type_button.gif]
[uniwebsidad.com/static/libros/imagenes/xhtml/e1401.gif]
[uniwebsidad.com/static/libros/imagenes/xhtml/ejemplo_etiqueta_fieldset_legend.gif]
[uniwebsidad.com/static/libros/imagenes/xhtml/ejemplo_etiqueta_textarea.gif]
[uniwebsidad.com/static/libros/imagenes/xhtml/ejemplo_etiqueta_select.gif]
[uniwebsidad.com/static/libros/imagenes/xhtml/ejemplo_etiqueta_optgroup.gif]
[uniwebsidad.com/static/libros/imagenes/xhtml/e1501.gif]
[uniwebsidad.com/static/libros/imagenes/xhtml/e1601.gif]
[uniwebsidad.com/static/libros/imagenes/xhtml/f0901.gif]
[uniwebsidad.com/static/libros/imagenes/xhtml/f1101.gif]
[uniwebsidad.com/static/libros/imagenes/xhtml/f1102.gif]
[uniwebsidad.com/static/libros/imagenes/xhtml/f1103.gif]
[uniwebsidad.com/static/libros/imagenes/xhtml/f1104.gif]
[uniwebsidad.com/static/libros/imagenes/xhtml/ejemplo_validador_dreamweaver.gif]
[uniwebsidad.com/static/libros/imagenes/xhtml/ejemplo_validacion_dreamweaver.gif]
[uniwebsidad.com/static/libros/imagenes/xhtml/ejemplo_validador_dreamweaver_resultados.gif]
[uniwebsidad.com/static/libros/imagenes/xhtml/ejemplo_validador_w3c.gif]
[uniwebsidad.com/static/libros/imagenes/xhtml/ejemplo_validador_w3c_resultados.gif]
[uniwebsidad.com/static/libros/imagenes/xhtml/f1306.gif]
[uniwebsidad.com/static/libros/imagenes/xhtml/f1307.gif]
[uniwebsidad.com/static/libros/imagenes/xhtml/f1401.gif]
[uniwebsidad.com/static/libros/imagenes/xhtml/f1402.gif]
[uniwebsidad.com/static/libros/imagenes/xhtml/f1403.gif]
[uniwebsidad.com/static/libros/imagenes/xhtml/f1404.gif]
[uniwebsidad.com/static/libros/imagenes/xhtml/f1405.gif]
[uniwebsidad.com/static/libros/imagenes/xhtml/f1406.gif]
[uniwebsidad.com/static/libros/imagenes/xhtml/f1407.gif]
