[librosweb.es/xhtml/index.html]
[backblue.gif]
[fade.gif]
[index.html]
[librosweb.es/xhtml/index.html]
[librosweb.es/css/main_b507273.css]
[librosweb.es/css/main_b507273.css]
[www.google-analytics.com/analytics.js]
[librosweb.es/apple-touch-icon.png]
[librosweb.es/favicon.png]
[librosweb.es/xhtml/capitulo_1/breve_historia_de_html.html]
[librosweb.es/xhtml/capitulo_1.html]
[librosweb.es/xhtml/capitulo_1.html]
[librosweb.es/xhtml/capitulo_1/especificacion_oficial.html]
[librosweb.es/xhtml/capitulo_1/html_y_xhtml.html]
[librosweb.es/xhtml/capitulo_1/html_y_css.html]
[librosweb.es/xhtml/capitulo_1/breve_historia_de_html.html]
[librosweb.es/xhtml/capitulo_2.html]
[librosweb.es/xhtml/capitulo_2/el_primer_documento_html.html]
[librosweb.es/xhtml/capitulo_1/especificacion_oficial.html]
[librosweb.es/xhtml/capitulo_2/etiquetas_y_atributos.html]
[librosweb.es/xhtml/capitulo_2/elementos_html.html]
[librosweb.es/xhtml/capitulo_1/html_y_xhtml.html]
[librosweb.es/xhtml/capitulo_2/sintaxis_de_las_etiquetas_xhtml.html]
[librosweb.es/xhtml/capitulo_1/html_y_css.html]
[librosweb.es/xhtml/capitulo_3.html]
[librosweb.es/xhtml/capitulo_3/estructurar.html]
[librosweb.es/xhtml/capitulo_2.html]
[librosweb.es/xhtml/capitulo_3/marcado_basico_de_texto.html]
[librosweb.es/xhtml/capitulo_3/marcado_avanzado_de_texto.html]
[librosweb.es/xhtml/capitulo_2/el_primer_documento_html.html]
[librosweb.es/xhtml/capitulo_3/marcado_generico_de_texto.html]
[librosweb.es/xhtml/capitulo_3/espacios_en_blanco_y_nuevas_lineas.html]
[librosweb.es/xhtml/capitulo_2/etiquetas_y_atributos.html]
[librosweb.es/xhtml/capitulo_3/codificacion_de_caracteres.html]
[librosweb.es/xhtml/capitulo_4.html]
[librosweb.es/xhtml/capitulo_2/elementos_html.html]
[librosweb.es/xhtml/capitulo_4/url.html]
[librosweb.es/xhtml/capitulo_4/enlaces_relativos_y_absolutos.html]
[librosweb.es/xhtml/capitulo_4/enlaces_basicos.html]
[librosweb.es/xhtml/capitulo_2/sintaxis_de_las_etiquetas_xhtml.html]
[librosweb.es/xhtml/capitulo_4/enlaces_avanzados.html]
[librosweb.es/xhtml/capitulo_3.html]
[librosweb.es/xhtml/capitulo_4/otros_tipos_de_enlaces.html]
[librosweb.es/xhtml/capitulo_4/ejemplos_de_enlaces_habituales.html]
[librosweb.es/xhtml/capitulo_3/estructurar.html]
[librosweb.es/xhtml/capitulo_5.html]
[librosweb.es/xhtml/capitulo_5/listas_no_ordenadas.html]
[librosweb.es/xhtml/capitulo_3/marcado_basico_de_texto.html]
[librosweb.es/xhtml/capitulo_5/listas_ordenadas.html]
[librosweb.es/xhtml/capitulo_5/listas_de_definicion.html]
[librosweb.es/xhtml/capitulo_3/marcado_avanzado_de_texto.html]
[librosweb.es/xhtml/capitulo_6.html]
[librosweb.es/xhtml/capitulo_6/mapas_de_imagen.html]
[librosweb.es/xhtml/capitulo_6/objetos.html]
[librosweb.es/xhtml/capitulo_3/marcado_generico_de_texto.html]
[librosweb.es/xhtml/capitulo_7.html]
[librosweb.es/xhtml/capitulo_7/tablas_basicas.html]
[librosweb.es/xhtml/capitulo_3/espacios_en_blanco_y_nuevas_lineas.html]
[librosweb.es/xhtml/capitulo_7/tablas_avanzadas.html]
[librosweb.es/xhtml/capitulo_3/codificacion_de_caracteres.html]
[librosweb.es/xhtml/capitulo_8.html]
[librosweb.es/xhtml/capitulo_8/formularios_basicos.html]
[librosweb.es/xhtml/capitulo_4.html]
[librosweb.es/xhtml/capitulo_8/elementos_de_formulario.html]
[librosweb.es/xhtml/capitulo_8/formularios_avanzados.html]
[librosweb.es/xhtml/capitulo_4/url.html]
[librosweb.es/xhtml/capitulo_8/otros_elementos_de_formulario.html]
[librosweb.es/xhtml/capitulo_9.html]
[librosweb.es/xhtml/capitulo_4/enlaces_relativos_y_absolutos.html]
[librosweb.es/xhtml/capitulo_10.html]
[librosweb.es/xhtml/capitulo_10/estructura_de_la_cabecera.html]
[librosweb.es/xhtml/capitulo_10/metadatos.html]
[librosweb.es/xhtml/capitulo_4/enlaces_basicos.html]
[librosweb.es/xhtml/capitulo_10/doctype.html]
[librosweb.es/xhtml/capitulo_11.html]
[librosweb.es/xhtml/capitulo_4/enlaces_avanzados.html]
[librosweb.es/xhtml/capitulo_11/css.html]
[librosweb.es/xhtml/capitulo_11/javascript.html]
[librosweb.es/xhtml/capitulo_11/iframes.html]
[librosweb.es/xhtml/capitulo_4/otros_tipos_de_enlaces.html]
[librosweb.es/xhtml/capitulo_11/otras_etiquetas.html]
[librosweb.es/xhtml/capitulo_13.html]
[librosweb.es/xhtml/capitulo_12.html]
[librosweb.es/xhtml/capitulo_12/requisitos_del_nivel_a_de_accesibilidad.html]
[librosweb.es/xhtml/capitulo_4/ejemplos_de_enlaces_habituales.html]
[librosweb.es/xhtml/capitulo_13/validacion_con_dreamweaver.html]
[librosweb.es/xhtml/capitulo_13/otros_validadores.html]
[librosweb.es/xhtml/capitulo_14.html]
[librosweb.es/xhtml/capitulo_13/validador_del_w3c.html]
[librosweb.es/xhtml/capitulo_5.html]
[librosweb.es/xhtml/capitulo_14/documento_xhtml.html]
[librosweb.es/xhtml/capitulo_14/cabecera_xhtml.html]
[librosweb.es/xhtml/capitulo_14/tabla.html]
[librosweb.es/xhtml/capitulo_14/formulario.html]
[librosweb.es/xhtml/capitulo_15.html]
[librosweb.es/xhtml/capitulo_5/listas_no_ordenadas.html]
[librosweb.es/xhtml/capitulo_15/ejercicio_3.html]
[librosweb.es/xhtml/capitulo_15/ejercicio_2.html]
[librosweb.es/xhtml/capitulo_5/listas_ordenadas.html]
[librosweb.es/xhtml/capitulo_15/ejercicio_4.html]
[librosweb.es/xhtml/capitulo_15/ejercicio_5.html]
[librosweb.es/xhtml/capitulo_5/listas_de_definicion.html]
[librosweb.es/xhtml/capitulo_15/ejercicio_6.html]
[librosweb.es/xhtml/capitulo_15/ejercicio_7.html]
[librosweb.es/xhtml/capitulo_6.html]
[librosweb.es/xhtml/capitulo_15/ejercicio_9.html]
[librosweb.es/xhtml/capitulo_15/ejercicio_8.html]
[librosweb.es/xhtml/capitulo_6/mapas_de_imagen.html]
[librosweb.es/xhtml/capitulo_6/objetos.html]
[librosweb.es/xhtml/capitulo_15/ejercicio_10.html]
[librosweb.es/xhtml/capitulo_7.html]
[librosweb.es/xhtml/capitulo_15/ejercicio_11.html]
[librosweb.es/xhtml/capitulo_7/tablas_basicas.html]
[librosweb.es/xhtml/capitulo_15/ejercicio_12.html]
[librosweb.es/xhtml/capitulo_7/tablas_avanzadas.html]
[librosweb.es/xhtml/capitulo_15/ejercicio_13.html]
[librosweb.es/xhtml/capitulo_8.html]
[librosweb.es/xhtml/capitulo_15/ejercicio_14.html]
[librosweb.es/xhtml/capitulo_8/formularios_basicos.html]
[librosweb.es/xhtml/capitulo_15/ejercicio_15.html]
[librosweb.es/img/covers/xhtml.png]
[librosweb.es/xhtml/capitulo_8/elementos_de_formulario.html]
[librosweb.es/xhtml/capitulo_15/ejercicio_16.html]
[pagead2.googlesyndication.com/pagead/js/f.txt]
[librosweb.es/xhtml/capitulo_8/formularios_avanzados.html]
[librosweb.es/xhtml/capitulo_8/otros_elementos_de_formulario.html]
[librosweb.es/img/xhtml/esquema_evolucion_html_xhtml.gif]
[librosweb.es/xhtml/capitulo_9.html]
[librosweb.es/xhtml/index-2.html]
[librosweb.es/img/xhtml/separacion_contenidos_presentacion.gif]
[librosweb.es/xhtml/capitulo_10.html]
[librosweb.es/img/xhtml/esquema_codificacion_caracteres.gif]
[librosweb.es/xhtml/capitulo_10/estructura_de_la_cabecera.html]
[librosweb.es/xhtml/capitulo_10/metadatos.html]
[librosweb.es/img/xhtml/ejemplo_primer_documento_html.gif]
[librosweb.es/img/xhtml/esquema_partes_documento_html.gif]
[librosweb.es/img/xhtml/esquema_etiquetas_documento_html.gif]
[librosweb.es/img/xhtml/e0101.gif]
[librosweb.es/xhtml/capitulo_10/doctype.html]
[librosweb.es/img/xhtml/ejemplo_etiquetas_atributos.gif]
[librosweb.es/img/xhtml/esquema_elementos_html.gif]
[librosweb.es/img/xhtml/ejemplo_elementos_linea_bloque.gif]
[librosweb.es/img/xhtml/f0301.gif]
[librosweb.es/xhtml/capitulo_11.html]
[librosweb.es/img/xhtml/f0302.gif]
[librosweb.es/img/xhtml/ejemplo_estructurar_parrafos.gif]
[librosweb.es/img/xhtml/ejemplo_estructurar_secciones.gif]
[librosweb.es/xhtml/capitulo_11/javascript.html]
[librosweb.es/img/xhtml/ejemplo_etiqueta_h1.gif]
[librosweb.es/img/xhtml/ejemplo_etiqueta_em_strong.gif]
[librosweb.es/img/xhtml/e0201.gif]
[librosweb.es/img/xhtml/ejemplo_etiqueta_ins_del.gif]
[librosweb.es/xhtml/capitulo_11/css.html]
[librosweb.es/xhtml/capitulo_11/iframes.html]
[librosweb.es/img/xhtml/ejemplo_etiqueta_blockquote.gif]
[librosweb.es/img/xhtml/ejemplo_etiqueta_acronym.gif]
[librosweb.es/img/xhtml/e0301.gif]
[librosweb.es/img/xhtml/ejemplo_etiqueta_p.gif]
[librosweb.es/xhtml/capitulo_11/otras_etiquetas.html]
[librosweb.es/img/xhtml/ejemplo_etiqueta_br.gif]
[librosweb.es/img/xhtml/ejemplo_entidad_nbsp.gif]
[librosweb.es/img/xhtml/e0401.gif]
[librosweb.es/xhtml/capitulo_12.html]
[librosweb.es/img/xhtml/ejemplo_etiqueta_pre.gif]
[librosweb.es/xhtml/capitulo_12/requisitos_del_nivel_a_de_accesibilidad.html]
[librosweb.es/img/xhtml/ejemplo_etiqueta_pre_scroll.gif]
[librosweb.es/img/xhtml/ejemplo_etiqueta_code.gif]
[librosweb.es/img/xhtml/e0501.gif]
[librosweb.es/xhtml/capitulo_13.html]
[librosweb.es/img/xhtml/ejemplo_tipos_enlaces.gif]
[librosweb.es/img/xhtml/e0601.gif]
[librosweb.es/xhtml/capitulo_13/validacion_con_dreamweaver.html]
[librosweb.es/img/xhtml/e0602.gif]
[librosweb.es/img/xhtml/e0603.gif]
[librosweb.es/xhtml/capitulo_13/validador_del_w3c.html]
[librosweb.es/img/xhtml/f0501.gif]
[librosweb.es/img/xhtml/f0502.gif]
[librosweb.es/xhtml/capitulo_13/otros_validadores.html]
[librosweb.es/img/xhtml/e0801.gif]
[librosweb.es/img/xhtml/e0901.gif]
[librosweb.es/img/xhtml/f0503.gif]
[librosweb.es/img/xhtml/e1001.gif]
[librosweb.es/xhtml/capitulo_14.html]
[librosweb.es/img/xhtml/ejemplo_mapa_imagen.gif]
[librosweb.es/img/xhtml/f0701.gif]
[librosweb.es/img/xhtml/ejemplo_tabla_sencilla.gif]
[librosweb.es/img/xhtml/e1101.gif]
[librosweb.es/xhtml/capitulo_14/documento_xhtml.html]
[librosweb.es/img/xhtml/e1201.gif]
[librosweb.es/img/xhtml/ejemplo_fusion_columnas_sencillo.gif]
[librosweb.es/img/xhtml/ejemplo_fusion_filas_sencillo.gif]
[librosweb.es/img/xhtml/ejemplo_fusion_columnas.gif]
[librosweb.es/xhtml/capitulo_14/cabecera_xhtml.html]
[librosweb.es/xhtml/capitulo_14/tabla.html]
[librosweb.es/img/xhtml/ejemplo_fusion_filas.gif]
[librosweb.es/img/xhtml/e1301.gif]
[librosweb.es/img/xhtml/ejemplo_tabla_compleja.png]
[librosweb.es/img/xhtml/ejemplo_tabla_avanzada.gif]
[librosweb.es/xhtml/capitulo_14/formulario.html]
[librosweb.es/img/xhtml/ejemplo_tabla_avanzada_col.gif]
[librosweb.es/img/xhtml/ejemplo_tabla_avanzada_colgroup.gif]
[librosweb.es/img/xhtml/f0801.gif]
[librosweb.es/img/xhtml/ejemplo_input_type_text.gif]
[librosweb.es/xhtml/capitulo_15.html]
[librosweb.es/img/xhtml/ejemplo_input_type_password.gif]
[librosweb.es/img/xhtml/ejemplo_input_type_checkbox.gif]
[librosweb.es/img/xhtml/ejemplo_input_type_radio.gif]
[librosweb.es/img/xhtml/ejemplo_input_type_submit.gif]
[librosweb.es/xhtml/capitulo_15/ejercicio_2.html]
[librosweb.es/img/xhtml/ejemplo_input_type_reset.gif]
[librosweb.es/img/xhtml/ejemplo_input_type_file.gif]
[librosweb.es/img/xhtml/ejemplo_input_type_hidden.gif]
[librosweb.es/xhtml/capitulo_15/ejercicio_3.html]
[librosweb.es/img/xhtml/ejemplo_input_type_image.gif]
[librosweb.es/xhtml/capitulo_15/ejercicio_4.html]
[librosweb.es/img/xhtml/ejemplo_input_type_button.gif]
[librosweb.es/xhtml/capitulo_15/ejercicio_5.html]
[librosweb.es/img/xhtml/e1401.gif]
[librosweb.es/xhtml/capitulo_15/ejercicio_6.html]
[librosweb.es/img/xhtml/ejemplo_etiqueta_fieldset_legend.gif]
[librosweb.es/xhtml/capitulo_15/ejercicio_7.html]
[librosweb.es/img/xhtml/ejemplo_etiqueta_textarea.gif]
[librosweb.es/xhtml/capitulo_15/ejercicio_8.html]
[librosweb.es/img/xhtml/ejemplo_etiqueta_select.gif]
[librosweb.es/img/xhtml/ejemplo_etiqueta_optgroup.gif]
[librosweb.es/img/xhtml/e1501.gif]
[librosweb.es/xhtml/capitulo_15/ejercicio_9.html]
[librosweb.es/img/xhtml/e1601.gif]
[librosweb.es/img/xhtml/f0901.gif]
[librosweb.es/img/xhtml/f1101.gif]
[librosweb.es/img/xhtml/f1102.gif]
[librosweb.es/xhtml/capitulo_15/ejercicio_10.html]
[librosweb.es/xhtml/capitulo_15/ejercicio_11.html]
[librosweb.es/img/xhtml/f1103.gif]
[librosweb.es/img/xhtml/f1104.gif]
[librosweb.es/img/xhtml/ejemplo_validador_dreamweaver.gif]
[librosweb.es/img/xhtml/ejemplo_validacion_dreamweaver.gif]
[librosweb.es/xhtml/capitulo_15/ejercicio_12.html]
[librosweb.es/xhtml/capitulo_15/ejercicio_13.html]
[librosweb.es/img/xhtml/ejemplo_validador_dreamweaver_resultados.gif]
[librosweb.es/img/xhtml/ejemplo_validador_w3c.gif]
[librosweb.es/img/xhtml/ejemplo_validador_w3c_resultados.gif]
[librosweb.es/xhtml/capitulo_15/ejercicio_14.html]
[librosweb.es/img/xhtml/f1306.gif]
[librosweb.es/xhtml/capitulo_15/ejercicio_15.html]
[librosweb.es/img/xhtml/f1307.gif]
[librosweb.es/xhtml/capitulo_15/ejercicio_16.html]
[librosweb.es/img/xhtml/f1401.gif]
[librosweb.es/xhtml/index-2.html]
[librosweb.es/img/xhtml/f1402.gif]
[librosweb.es/img/xhtml/f1403.gif]
[librosweb.es/img/xhtml/f1404.gif]
[librosweb.es/img/xhtml/f1406.gif]
[librosweb.es/img/xhtml/f1405.gif]
[librosweb.es/img/xhtml/f1407.gif]
