[uniwebsidad.com/libros/css.html]
[backblue.gif]
[fade.gif]
[index.html]
[pagead2.googlesyndication.com/pagead/js/f.txt]
[www.google-analytics.com/analytics.js]
[uniwebsidad.com/libros/css/capitulo-1.html]
[uniwebsidad.com/libros/css/capitulo-1/breve-historia-de-css.html]
[uniwebsidad.com/libros/css/capitulo-1/soporte-de-css-en-los-navegadores.html]
[uniwebsidad.com/libros/css/capitulo-1/especificacion-oficial.html]
[uniwebsidad.com/libros/css/capitulo-1/funcionamiento-basico-de-css.html]
[uniwebsidad.com/libros/css/capitulo-1/como-incluir-css-en-un-documento-xhtml.html]
[uniwebsidad.com/libros/css/capitulo-1/glosario-basico.html]
[uniwebsidad.com/libros/css/capitulo-1/medios-css.html]
[uniwebsidad.com/libros/css/capitulo-1/comentarios.html]
[uniwebsidad.com/libros/css/capitulo-2.html]
[uniwebsidad.com/libros/css/capitulo-1/sintaxis-de-la-definicion-de-cada-propiedad-css.html]
[uniwebsidad.com/libros/css/capitulo-2/selectores-basicos.html]
[uniwebsidad.com/libros/css/capitulo-2/selectores-avanzados.html]
[uniwebsidad.com/libros/css/capitulo-2/agrupacion-de-reglas.html]
[uniwebsidad.com/libros/css/capitulo-2/herencia.html]
[uniwebsidad.com/libros/css/capitulo-2/colisiones-de-estilos.html]
[uniwebsidad.com/libros/css/capitulo-3.html]
[uniwebsidad.com/libros/css/capitulo-3/unidades-de-medida.html]
[uniwebsidad.com/libros/css/capitulo-3/colores.html]
[uniwebsidad.com/libros/css/capitulo-4.html]
[uniwebsidad.com/libros/css/capitulo-4/anchura-y-altura.html]
[uniwebsidad.com/libros/css/capitulo-4/margen-y-relleno.html]
[uniwebsidad.com/libros/css/capitulo-4/bordes.html]
[uniwebsidad.com/libros/css/capitulo-4/margen-relleno-bordes-y-modelo-de-cajas.html]
[uniwebsidad.com/libros/css/capitulo-4/fondos.html]
[uniwebsidad.com/libros/css/capitulo-5.html]
[uniwebsidad.com/libros/css/capitulo-5/tipos-de-elementos.html]
[uniwebsidad.com/libros/css/capitulo-5/posicionamiento.html]
[uniwebsidad.com/libros/css/capitulo-5/posicionamiento-normal.html]
[uniwebsidad.com/libros/css/capitulo-5/posicionamiento-relativo.html]
[uniwebsidad.com/libros/css/capitulo-5/posicionamiento-absoluto.html]
[uniwebsidad.com/libros/css/capitulo-5/posicionamiento-fijo.html]
[uniwebsidad.com/libros/css/capitulo-5/posicionamiento-flotante.html]
[uniwebsidad.com/libros/css/capitulo-5/visualizacion.html]
[uniwebsidad.com/libros/css/capitulo-6.html]
[uniwebsidad.com/libros/css/capitulo-6/texto-2.html]
[uniwebsidad.com/libros/css/capitulo-7.html]
[uniwebsidad.com/libros/css/capitulo-7/estilos-avanzados.html]
[uniwebsidad.com/libros/css/capitulo-8.html]
[uniwebsidad.com/libros/css/capitulo-8/estilos-avanzados-2.html]
[uniwebsidad.com/libros/css/capitulo-9.html]
[uniwebsidad.com/libros/css/capitulo-9/estilos-avanzados-3.html]
[uniwebsidad.com/libros/css/capitulo-10.html]
[uniwebsidad.com/libros/css/capitulo-10/estilos-avanzados-4.html]
[uniwebsidad.com/libros/css/capitulo-11.html]
[uniwebsidad.com/libros/css/capitulo-11/estilos-avanzados-5.html]
[uniwebsidad.com/libros/css/capitulo-12.html]
[uniwebsidad.com/libros/css/capitulo-12/centrar-una-pagina-horizontalmente.html]
[uniwebsidad.com/libros/css/capitulo-12/centrar-una-pagina-verticalmente.html]
[uniwebsidad.com/libros/css/capitulo-12/estructura-o-layout.html]
[uniwebsidad.com/libros/css/capitulo-12/alturas-anchuras-maximas-y-minimas.html]
[uniwebsidad.com/libros/css/capitulo-12/estilos-avanzados-6.html]
[uniwebsidad.com/libros/css/capitulo-13.html]
[uniwebsidad.com/libros/css/capitulo-13/version-para-imprimir.html]
[uniwebsidad.com/libros/css/capitulo-13/personalizar-el-cursor.html]
[uniwebsidad.com/libros/css/capitulo-13/hacks-y-filtros.html]
[uniwebsidad.com/libros/css/capitulo-13/prioridad-de-las-declaraciones-css.html]
[uniwebsidad.com/libros/css/capitulo-13/validador.html]
[uniwebsidad.com/libros/css/capitulo-13/recomendaciones-generales-sobre-css.html]
[uniwebsidad.com/libros/css/capitulo-14.html]
[uniwebsidad.com/libros/css/capitulo-14/extensiones-de-firefox.html]
[uniwebsidad.com/libros/css/capitulo-14/aplicaciones-web.html]
[uniwebsidad.com/libros/css/capitulo-14/sitios-web-de-inspiracion.html]
[uniwebsidad.com/libros/css/capitulo-14/referencias-y-colecciones-de-recursos.html]
[uniwebsidad.com/libros/css/capitulo-15.html]
[uniwebsidad.com/libros/css/capitulo-15/ejercicio-2.html]
[uniwebsidad.com/libros/css/capitulo-15/ejercicio-3.html]
[uniwebsidad.com/libros/css/capitulo-15/ejercicio-4.html]
[uniwebsidad.com/libros/css/capitulo-15/ejercicio-5.html]
[uniwebsidad.com/libros/css/capitulo-15/ejercicio-6.html]
[uniwebsidad.com/libros/css/capitulo-15/ejercicio-7.html]
[uniwebsidad.com/libros/css/capitulo-15/ejercicio-8.html]
[uniwebsidad.com/libros/css/capitulo-15/ejercicio-9.html]
[uniwebsidad.com/libros/css/capitulo-15/ejercicio-10.html]
[uniwebsidad.com/libros/css/capitulo-15/ejercicio-11.html]
[uniwebsidad.com/libros/css/capitulo-15/ejercicio-12.html]
[uniwebsidad.com/libros/css/capitulo-15/ejercicio-13.html]
[uniwebsidad.com/libros/css/capitulo-16.html]
[uniwebsidad.com/libros/css/capitulo-16/solucion-ejercicio-1.html]
[uniwebsidad.com/libros/css/capitulo-16/solucion-ejercicio-2.html]
[uniwebsidad.com/libros/css/capitulo-16/solucion-ejercicio-3.html]
[uniwebsidad.com/libros/css/capitulo-16/solucion-ejercicio-4.html]
[uniwebsidad.com/libros/css/capitulo-16/solucion-ejercicio-5.html]
[uniwebsidad.com/libros/css/capitulo-16/solucion-ejercicio-6.html]
[uniwebsidad.com/libros/css/capitulo-16/solucion-ejercicio-7.html]
[uniwebsidad.com/libros/css/capitulo-16/solucion-ejercicio-8.html]
[uniwebsidad.com/libros/css/capitulo-16/solucion-ejercicio-9.html]
[uniwebsidad.com/libros/css/capitulo-16/solucion-ejercicio-10.html]
[uniwebsidad.com/libros/css/capitulo-16/solucion-ejercicio-11.html]
[uniwebsidad.com/libros/css/capitulo-16/solucion-ejercicio-12.html]
[uniwebsidad.com/libros/css/capitulo-16/solucion-ejercicio-13.html]
[uniwebsidad.com/libros/css.html]
[uniwebsidad.com/cdn-cgi/scripts/7d0fa10a/cloudflare-static/rocket-loader.min.js]
[uniwebsidad.com/libros/css/capitulo-1.html]
[uniwebsidad.com/libros/css/capitulo-1/breve-historia-de-css.html]
[uniwebsidad.com/libros/css/capitulo-1/soporte-de-css-en-los-navegadores.html]
[uniwebsidad.com/libros/css/capitulo-1/especificacion-oficial.html]
[uniwebsidad.com/libros/css/capitulo-1/funcionamiento-basico-de-css.html]
[uniwebsidad.com/libros/css/capitulo-1/como-incluir-css-en-un-documento-xhtml.html]
[uniwebsidad.com/static/libros/imagenes/css/f0101.gif]
[uniwebsidad.com/libros/css/capitulo-1/glosario-basico.html]
[uniwebsidad.com/libros/css/capitulo-1/medios-css.html]
[uniwebsidad.com/libros/css/capitulo-1/comentarios.html]
[uniwebsidad.com/libros/css/capitulo-1/sintaxis-de-la-definicion-de-cada-propiedad-css.html]
[uniwebsidad.com/libros/css/capitulo-2.html]
[uniwebsidad.com/libros/css/capitulo-2/selectores-basicos.html]
[uniwebsidad.com/libros/css/capitulo-2/selectores-avanzados.html]
[uniwebsidad.com/libros/css/capitulo-2/agrupacion-de-reglas.html]
[uniwebsidad.com/libros/css/capitulo-2/herencia.html]
[uniwebsidad.com/libros/css/capitulo-2/colisiones-de-estilos.html]
[uniwebsidad.com/libros/css/capitulo-3.html]
[uniwebsidad.com/libros/css/capitulo-3/unidades-de-medida.html]
[uniwebsidad.com/static/libros/imagenes/css/f0303.gif]
[uniwebsidad.com/static/libros/imagenes/css/f0305.gif]
[uniwebsidad.com/libros/css/capitulo-3/colores.html]
[uniwebsidad.com/static/libros/imagenes/css/f0402.gif]
[uniwebsidad.com/static/libros/imagenes/css/f0401.gif]
[uniwebsidad.com/static/libros/imagenes/css/f0403.gif]
[uniwebsidad.com/libros/css/capitulo-4.html]
[uniwebsidad.com/libros/referencia-css2/medidas.html]
[uniwebsidad.com/libros/referencia-css2/porcentajes.html]
[uniwebsidad.com/libros/css/capitulo-4/anchura-y-altura.html]
[uniwebsidad.com/libros/referencia-css2/el-valor-inherit.html]
[uniwebsidad.com/static/libros/imagenes/css/f0428.gif]
[uniwebsidad.com/static/libros/imagenes/css/f0404.gif]
[uniwebsidad.com/static/libros/imagenes/css/f0429.gif]
[uniwebsidad.com/static/libros/imagenes/css/f0406.gif]
[uniwebsidad.com/static/libros/imagenes/css/f0407.gif]
[uniwebsidad.com/static/libros/imagenes/css/f0408.gif]
[uniwebsidad.com/static/libros/imagenes/css/f0430.gif]
[uniwebsidad.com/libros/css/capitulo-4/margen-y-relleno.html]
[uniwebsidad.com/static/libros/imagenes/css/f0410.gif]
[uniwebsidad.com/libros/referencia-css2/colores.html]
[uniwebsidad.com/static/libros/imagenes/css/f0411.gif]
[uniwebsidad.com/static/libros/imagenes/css/f0412.gif]
[uniwebsidad.com/static/libros/imagenes/css/f0413.gif]
[uniwebsidad.com/libros/css/capitulo-4/bordes.html]
[uniwebsidad.com/static/libros/imagenes/css/f0414.gif]
[uniwebsidad.com/static/libros/imagenes/css/f0415.gif]
[uniwebsidad.com/static/libros/imagenes/css/f0416.gif]
[uniwebsidad.com/libros/css/capitulo-4/margen-relleno-bordes-y-modelo-de-cajas.html]
[uniwebsidad.com/static/libros/imagenes/css/f0421.gif]
[uniwebsidad.com/static/libros/imagenes/css/f0417.gif]
[uniwebsidad.com/static/libros/imagenes/css/f0418.gif]
[uniwebsidad.com/static/libros/imagenes/css/f0419.gif]
[uniwebsidad.com/static/libros/imagenes/css/f0420.gif]
[uniwebsidad.com/libros/css/capitulo-4/fondos.html]
[uniwebsidad.com/libros/css/capitulo-5.html]
[uniwebsidad.com/static/libros/imagenes/css/f0501.gif]
[uniwebsidad.com/libros/css/capitulo-5/tipos-de-elementos.html]
[uniwebsidad.com/libros/css/capitulo-5/posicionamiento.html]
[uniwebsidad.com/static/libros/imagenes/css/f0502.gif]
[uniwebsidad.com/static/libros/imagenes/css/f0503.gif]
[uniwebsidad.com/libros/css/capitulo-5/posicionamiento-normal.html]
[uniwebsidad.com/static/libros/imagenes/css/f0504.gif]
[uniwebsidad.com/static/libros/imagenes/css/f0505.gif]
[uniwebsidad.com/static/libros/imagenes/css/f0506.gif]
[uniwebsidad.com/libros/css/capitulo-5/posicionamiento-relativo.html]
[uniwebsidad.com/static/libros/imagenes/css/f0516.gif]
[uniwebsidad.com/static/libros/imagenes/css/f0517.gif]
[uniwebsidad.com/static/libros/imagenes/css/f0518.gif]
[uniwebsidad.com/static/libros/imagenes/css/f0519.gif]
[uniwebsidad.com/static/libros/imagenes/css/f0520.gif]
[uniwebsidad.com/static/libros/imagenes/css/f0521.gif]
[uniwebsidad.com/libros/css/capitulo-5/posicionamiento-absoluto.html]
[uniwebsidad.com/libros/css/capitulo-5/posicionamiento-fijo.html]
[uniwebsidad.com/static/libros/imagenes/css/f0507.gif]
[uniwebsidad.com/static/libros/imagenes/css/f0508.gif]
[uniwebsidad.com/static/libros/imagenes/css/f0509.gif]
[uniwebsidad.com/static/libros/imagenes/css/f0510.gif]
[uniwebsidad.com/static/libros/imagenes/css/f0513.gif]
[uniwebsidad.com/static/libros/imagenes/css/f0514.gif]
[uniwebsidad.com/static/libros/imagenes/css/f0511.gif]
[uniwebsidad.com/static/libros/imagenes/css/f0512.gif]
[uniwebsidad.com/libros/css/capitulo-5/posicionamiento-flotante.html]
[uniwebsidad.com/static/libros/imagenes/css/f0522.gif]
[uniwebsidad.com/static/libros/imagenes/css/f0523.gif]
[uniwebsidad.com/static/libros/imagenes/css/f0524.gif]
[uniwebsidad.com/static/libros/imagenes/css/f0525.gif]
[uniwebsidad.com/libros/css/capitulo-5/visualizacion.html]
[uniwebsidad.com/static/libros/imagenes/css/f0601.gif]
[uniwebsidad.com/static/libros/imagenes/css/f0602.gif]
[uniwebsidad.com/static/libros/imagenes/css/f0603.gif]
[uniwebsidad.com/static/libros/imagenes/css/f0604.gif]
[uniwebsidad.com/libros/css/capitulo-6.html]
[uniwebsidad.com/static/libros/imagenes/css/f0605.gif]
[uniwebsidad.com/static/libros/imagenes/css/f0606.gif]
[uniwebsidad.com/static/libros/imagenes/css/f0607.gif]
[uniwebsidad.com/static/libros/imagenes/css/f0608.gif]
[uniwebsidad.com/static/libros/imagenes/css/f0609.gif]
[uniwebsidad.com/static/libros/imagenes/css/f0610.gif]
[uniwebsidad.com/static/libros/imagenes/css/f0611.gif]
[uniwebsidad.com/static/libros/imagenes/css/f0612.gif]
[uniwebsidad.com/static/libros/imagenes/css/f0613.gif]
[uniwebsidad.com/libros/css/capitulo-6/texto-2.html]
[uniwebsidad.com/static/libros/imagenes/css/f0701.gif]
[uniwebsidad.com/libros/css/capitulo-7.html]
[uniwebsidad.com/static/libros/imagenes/css/f0702.gif]
[uniwebsidad.com/static/libros/imagenes/css/f0703.gif]
[uniwebsidad.com/static/libros/imagenes/css/f0704.gif]
[uniwebsidad.com/static/libros/imagenes/css/f0705.gif]
[uniwebsidad.com/libros/css/capitulo-7/estilos-avanzados.html]
[uniwebsidad.com/libros/css/capitulo-8.html]
[uniwebsidad.com/static/libros/imagenes/css/f0801.gif]
[uniwebsidad.com/libros/css/capitulo-8/estilos-avanzados-2.html]
[uniwebsidad.com/static/libros/imagenes/css/f0901.gif]
[uniwebsidad.com/static/libros/imagenes/css/f0902.gif]
[uniwebsidad.com/static/libros/imagenes/css/f0903.gif]
[uniwebsidad.com/static/libros/imagenes/css/f0904.gif]
[uniwebsidad.com/static/libros/imagenes/css/f0905.gif]
[uniwebsidad.com/static/libros/imagenes/css/f0906.gif]
[uniwebsidad.com/static/libros/imagenes/css/f0907.gif]
[uniwebsidad.com/static/libros/imagenes/css/f0908.gif]
[uniwebsidad.com/libros/css/capitulo-9.html]
[uniwebsidad.com/static/libros/imagenes/css/f0909.png]
[uniwebsidad.com/static/libros/imagenes/css/f0910.png]
[uniwebsidad.com/static/libros/imagenes/css/f0911.png]
[uniwebsidad.com/static/libros/imagenes/css/f0912.png]
[uniwebsidad.com/static/libros/imagenes/css/f0914.gif]
[uniwebsidad.com/static/libros/imagenes/css/f0915.gif]
[uniwebsidad.com/libros/css/capitulo-9/estilos-avanzados-3.html]
[uniwebsidad.com/static/libros/imagenes/css/f1001.gif]
[uniwebsidad.com/static/libros/imagenes/css/f1003.gif]
[uniwebsidad.com/static/libros/imagenes/css/f1002.gif]
[uniwebsidad.com/libros/css/capitulo-10.html]
[uniwebsidad.com/static/libros/imagenes/css/f1004.gif]
[uniwebsidad.com/static/libros/imagenes/css/f1005.gif]
[uniwebsidad.com/static/libros/imagenes/css/f1007.gif]
[uniwebsidad.com/static/libros/imagenes/css/f1013.gif]
[uniwebsidad.com/libros/css/capitulo-10/estilos-avanzados-4.html]
[uniwebsidad.com/static/libros/imagenes/css/f1101.gif]
[uniwebsidad.com/static/libros/imagenes/css/f1102.gif]
[uniwebsidad.com/static/libros/imagenes/css/f1103.gif]
[uniwebsidad.com/static/libros/imagenes/css/f1104.gif]
[uniwebsidad.com/static/libros/imagenes/css/f1105.gif]
[uniwebsidad.com/static/libros/imagenes/css/f1106.gif]
[uniwebsidad.com/libros/css/capitulo-11.html]
[uniwebsidad.com/static/libros/imagenes/css/f1107.gif]
[uniwebsidad.com/static/libros/imagenes/css/f1108.gif]
[uniwebsidad.com/libros/css/capitulo-11/estilos-avanzados-5.html]
[uniwebsidad.com/libros/css/capitulo-12.html]
[uniwebsidad.com/static/libros/imagenes/css/f1201.gif]
[uniwebsidad.com/static/libros/imagenes/css/f1202.gif]
[uniwebsidad.com/static/libros/imagenes/css/f1203.gif]
[uniwebsidad.com/static/libros/imagenes/css/f1204.gif]
[uniwebsidad.com/static/libros/imagenes/css/f1205.gif]
[uniwebsidad.com/static/libros/imagenes/css/f1206.gif]
[uniwebsidad.com/libros/css/capitulo-12/centrar-una-pagina-horizontalmente.html]
[uniwebsidad.com/static/libros/imagenes/css/f1212.gif]
[uniwebsidad.com/libros/css/capitulo-12/centrar-una-pagina-verticalmente.html]
[uniwebsidad.com/static/libros/imagenes/css/f1207.gif]
[uniwebsidad.com/static/libros/imagenes/css/f1208.gif]
[uniwebsidad.com/static/libros/imagenes/css/f1209.gif]
[uniwebsidad.com/static/libros/imagenes/css/f1210.gif]
[uniwebsidad.com/libros/css/capitulo-12/estructura-o-layout.html]
[uniwebsidad.com/libros/css/capitulo-12/alturas-anchuras-maximas-y-minimas.html]
[uniwebsidad.com/static/libros/imagenes/css/f1211.gif]
[uniwebsidad.com/libros/css/capitulo-12/estilos-avanzados-6.html]
[uniwebsidad.com/libros/css/capitulo-13.html]
[uniwebsidad.com/static/libros/imagenes/css/f1301.gif]
[uniwebsidad.com/static/libros/imagenes/css/f1302.gif]
[uniwebsidad.com/libros/css/capitulo-13/version-para-imprimir.html]
[uniwebsidad.com/static/libros/imagenes/css/f1303.gif]
[uniwebsidad.com/static/libros/imagenes/css/f1304.gif]
[uniwebsidad.com/static/libros/imagenes/css/f1305.gif]
[uniwebsidad.com/static/libros/imagenes/css/f1306.gif]
[uniwebsidad.com/static/libros/imagenes/css/f1307.gif]
[uniwebsidad.com/static/libros/imagenes/css/f1308.gif]
[uniwebsidad.com/static/libros/imagenes/css/f1309.gif]
[uniwebsidad.com/static/libros/imagenes/css/f1310.gif]
[uniwebsidad.com/static/libros/imagenes/css/f1311.gif]
[uniwebsidad.com/static/libros/imagenes/css/f1312.gif]
[uniwebsidad.com/static/libros/imagenes/css/f1313.gif]
[uniwebsidad.com/static/libros/imagenes/css/f1314.gif]
[uniwebsidad.com/static/libros/imagenes/css/f1315.gif]
[uniwebsidad.com/static/libros/imagenes/css/f1316.gif]
[uniwebsidad.com/static/libros/imagenes/css/f1317.gif]
[uniwebsidad.com/static/libros/imagenes/css/f1318.gif]
[uniwebsidad.com/static/libros/imagenes/css/f1319.gif]
[uniwebsidad.com/static/libros/imagenes/css/f1320.gif]
[uniwebsidad.com/static/libros/imagenes/css/f1321.gif]
[uniwebsidad.com/static/libros/imagenes/css/f1322.gif]
[uniwebsidad.com/static/libros/imagenes/css/f1323.gif]
[uniwebsidad.com/static/libros/imagenes/css/f1324.gif]
[uniwebsidad.com/static/libros/imagenes/css/f1325.gif]
[uniwebsidad.com/static/libros/imagenes/css/f1326.gif]
[uniwebsidad.com/static/libros/imagenes/css/f1327.gif]
[uniwebsidad.com/libros/css/capitulo-13/personalizar-el-cursor.html]
[uniwebsidad.com/libros/css/capitulo-13/hacks-y-filtros.html]
[uniwebsidad.com/static/libros/imagenes/css/f1328.gif]
[uniwebsidad.com/static/libros/imagenes/css/f1329.gif]
[uniwebsidad.com/libros/css/capitulo-13/prioridad-de-las-declaraciones-css.html]
[uniwebsidad.com/libros/css/capitulo-13/validador.html]
[uniwebsidad.com/libros/css/capitulo-13/recomendaciones-generales-sobre-css.html]
[uniwebsidad.com/libros/css/capitulo-14.html]
[uniwebsidad.com/static/libros/imagenes/css/f1402.gif]
[uniwebsidad.com/static/libros/imagenes/css/f1401.gif]
[uniwebsidad.com/static/libros/imagenes/css/f1403.gif]
[uniwebsidad.com/static/libros/imagenes/css/f1404.gif]
[uniwebsidad.com/libros/css/capitulo-14/extensiones-de-firefox.html]
[uniwebsidad.com/libros/css/capitulo-14/aplicaciones-web.html]
[uniwebsidad.com/libros/css/capitulo-14/sitios-web-de-inspiracion.html]
[uniwebsidad.com/libros/css/capitulo-14/referencias-y-colecciones-de-recursos.html]
[uniwebsidad.com/libros/css/capitulo-15.html]
[uniwebsidad.com/static/libros/imagenes/css/e0201.png]
[uniwebsidad.com/libros/css/capitulo-15/ejercicio-2.html]
[uniwebsidad.com/static/libros/imagenes/css/e0301.gif]
[uniwebsidad.com/static/libros/imagenes/css/e0302.gif]
[uniwebsidad.com/static/libros/ejercicios/css/ejercicio3/ejercicio3.css]
[uniwebsidad.com/libros/css/capitulo-15/ejercicio-3.html]
[uniwebsidad.com/static/libros/imagenes/css/e0401.gif]
[uniwebsidad.com/static/libros/ejercicios/css/ejercicio4/ejercicio4.css]
[uniwebsidad.com/libros/css/capitulo-15/ejercicio-4.html]
[uniwebsidad.com/static/libros/imagenes/css/e0501.gif]
[uniwebsidad.com/static/libros/ejercicios/css/ejercicio5/ejercicio5.css]
[uniwebsidad.com/static/libros/ejercicios/css/comun/imagenes/fondo_menu.gif]
[uniwebsidad.com/static/libros/ejercicios/css/comun/imagenes/logo.gif]
[uniwebsidad.com/libros/css/capitulo-15/ejercicio-5.html]
[uniwebsidad.com/libros/css/capitulo-15/ejercicio-6.html]
[uniwebsidad.com/static/libros/imagenes/css/e0701.gif]
[uniwebsidad.com/static/libros/ejercicios/css/ejercicio7/ejercicio7.css]
[uniwebsidad.com/libros/css/capitulo-15/ejercicio-7.html]
[uniwebsidad.com/static/libros/imagenes/css/f0706.gif]
[uniwebsidad.com/libros/css/capitulo-15/ejercicio-8.html]
[uniwebsidad.com/static/libros/imagenes/css/f0802.gif]
[uniwebsidad.com/static/libros/ejercicios/css/comun/imagenes/imagen.png]
[uniwebsidad.com/libros/css/capitulo-15/ejercicio-9.html]
[uniwebsidad.com/static/libros/imagenes/css/f0916.gif]
[uniwebsidad.com/static/libros/imagenes/css/f0917.gif]
[uniwebsidad.com/static/libros/imagenes/css/f0918.gif]
[uniwebsidad.com/static/libros/imagenes/css/f0919.gif]
[uniwebsidad.com/static/libros/ejercicios/css/comun/imagenes/flecha_inactiva.png]
[uniwebsidad.com/static/libros/ejercicios/css/comun/imagenes/flecha_activa.png]
[uniwebsidad.com/libros/css/capitulo-15/ejercicio-10.html]
[uniwebsidad.com/static/libros/imagenes/css/f1008.gif]
[uniwebsidad.com/static/libros/imagenes/css/f1009.gif]
[uniwebsidad.com/static/libros/imagenes/css/f1010.gif]
[uniwebsidad.com/static/libros/imagenes/css/f1011.gif]
[uniwebsidad.com/static/libros/imagenes/css/f1012.gif]
[uniwebsidad.com/static/libros/ejercicios/css/comun/imagenes/fondo_gris.gif]
[uniwebsidad.com/static/libros/ejercicios/css/comun/imagenes/euro.png]
[uniwebsidad.com/static/libros/ejercicios/css/comun/imagenes/dolar.png]
[uniwebsidad.com/static/libros/ejercicios/css/comun/imagenes/yen.png]
[uniwebsidad.com/static/libros/ejercicios/css/comun/imagenes/libra.png]
[uniwebsidad.com/libros/css/capitulo-15/ejercicio-11.html]
[uniwebsidad.com/static/libros/imagenes/css/e1201.gif]
[uniwebsidad.com/static/libros/imagenes/css/e1202.gif]
[uniwebsidad.com/static/libros/imagenes/css/e1203.gif]
[uniwebsidad.com/static/libros/imagenes/css/e1204.gif]
[uniwebsidad.com/libros/css/capitulo-15/ejercicio-12.html]
[uniwebsidad.com/static/libros/imagenes/css/e1301.gif]
[uniwebsidad.com/static/libros/imagenes/css/e1302.gif]
[uniwebsidad.com/static/libros/imagenes/css/e1303.gif]
[uniwebsidad.com/static/libros/imagenes/css/e1304.gif]
[uniwebsidad.com/libros/css/capitulo-15/ejercicio-13.html]
[uniwebsidad.com/libros/css/capitulo-16.html]
[uniwebsidad.com/libros/css/capitulo-16/solucion-ejercicio-1.html]
[uniwebsidad.com/libros/css/capitulo-16/solucion-ejercicio-2.html]
[uniwebsidad.com/static/libros/ejercicios/css/soluciones/ejercicio3/ejercicio3.css]
[uniwebsidad.com/libros/css/capitulo-16/solucion-ejercicio-3.html]
[uniwebsidad.com/static/libros/ejercicios/css/soluciones/ejercicio4/ejercicio4.css]
[uniwebsidad.com/libros/css/capitulo-16/solucion-ejercicio-4.html]
[uniwebsidad.com/static/libros/ejercicios/css/soluciones/ejercicio5/ejercicio5.css]
[uniwebsidad.com/libros/css/capitulo-16/solucion-ejercicio-5.html]
[uniwebsidad.com/libros/css/capitulo-16/solucion-ejercicio-6.html]
[uniwebsidad.com/static/libros/ejercicios/css/soluciones/ejercicio7/ejercicio7.css]
[uniwebsidad.com/libros/css/capitulo-16/solucion-ejercicio-7.html]
[uniwebsidad.com/libros/css/capitulo-16/solucion-ejercicio-8.html]
[uniwebsidad.com/libros/css/capitulo-16/solucion-ejercicio-9.html]
[uniwebsidad.com/libros/css/capitulo-16/solucion-ejercicio-10.html]
[uniwebsidad.com/libros/css/capitulo-16/solucion-ejercicio-11.html]
[uniwebsidad.com/libros/css/capitulo-16/solucion-ejercicio-12.html]
[uniwebsidad.com/libros/css/capitulo-16/solucion-ejercicio-13.html]
[uniwebsidad.com/libros/referencia-css2.html]
[uniwebsidad.com/libros/referencia-css2/medidas.html]
[uniwebsidad.com/libros/referencia-css2/porcentajes.html]
[uniwebsidad.com/libros/referencia-css2/el-valor-inherit.html]
[uniwebsidad.com/libros/referencia-css2/colores.html]
[uniwebsidad.com/static/libros/ejercicios/css/ejercicio3/ejercicio3.css]
[uniwebsidad.com/static/libros/ejercicios/css/ejercicio4/ejercicio4.css]
[uniwebsidad.com/static/libros/ejercicios/css/ejercicio5/ejercicio5.css]
[uniwebsidad.com/static/libros/ejercicios/css/ejercicio7/ejercicio7.css]
[uniwebsidad.com/static/libros/ejercicios/css/soluciones/ejercicio3/ejercicio3.css]
[uniwebsidad.com/static/libros/ejercicios/css/soluciones/ejercicio4/ejercicio4.css]
[uniwebsidad.com/libros/referencia-css2/medios.html]
[uniwebsidad.com/static/libros/ejercicios/css/soluciones/comun/imagenes/logo.gif]
[uniwebsidad.com/static/libros/ejercicios/css/soluciones/comun/imagenes/fondo_menu.gif]
[uniwebsidad.com/static/libros/ejercicios/css/soluciones/ejercicio5/ejercicio5.css]
[uniwebsidad.com/static/libros/ejercicios/css/soluciones/ejercicio7/ejercicio7.css]
[uniwebsidad.com/libros/referencia-css2/height.html]
[uniwebsidad.com/libros/referencia-css2/max-height.html]
[uniwebsidad.com/libros/referencia-css2/max-width.html]
[uniwebsidad.com/libros/referencia-css2/min-height.html]
[uniwebsidad.com/libros/referencia-css2/min-width.html]
[uniwebsidad.com/libros/referencia-css2/width.html]
[uniwebsidad.com/libros/referencia-css2/margin-right.html]
[uniwebsidad.com/libros/referencia-css2/margin-left.html]
[uniwebsidad.com/libros/referencia-css2/margin-top.html]
[uniwebsidad.com/libros/referencia-css2/margin-bottom.html]
[uniwebsidad.com/libros/referencia-css2/margin.html]
[uniwebsidad.com/libros/referencia-css2/padding-top.html]
[uniwebsidad.com/libros/referencia-css2/padding-right.html]
[uniwebsidad.com/libros/referencia-css2/padding-bottom.html]
[uniwebsidad.com/libros/referencia-css2/padding-left.html]
[uniwebsidad.com/libros/referencia-css2/padding.html]
[uniwebsidad.com/libros/referencia-css2/border-color.html]
[uniwebsidad.com/libros/referencia-css2/border-style.html]
[uniwebsidad.com/libros/referencia-css2/border-top.html]
[uniwebsidad.com/libros/referencia-css2/border-right.html]
[uniwebsidad.com/libros/referencia-css2/border-bottom.html]
[uniwebsidad.com/libros/referencia-css2/border-left.html]
[uniwebsidad.com/libros/referencia-css2/border-top-color.html]
[uniwebsidad.com/libros/referencia-css2/border-right-color.html]
[uniwebsidad.com/libros/referencia-css2/border-bottom-color.html]
[uniwebsidad.com/libros/referencia-css2/border-left-color.html]
[uniwebsidad.com/libros/referencia-css2/border-top-style.html]
[uniwebsidad.com/libros/referencia-css2/border-right-style.html]
[uniwebsidad.com/libros/referencia-css2/border-bottom-style.html]
[uniwebsidad.com/libros/referencia-css2/border-left-style.html]
[uniwebsidad.com/libros/referencia-css2/border-top-width.html]
[uniwebsidad.com/libros/referencia-css2/border-right-width.html]
[uniwebsidad.com/libros/referencia-css2/border-bottom-width.html]
[uniwebsidad.com/libros/referencia-css2/border-left-width.html]
[uniwebsidad.com/libros/referencia-css2/border-width.html]
[uniwebsidad.com/libros/referencia-css2/border.html]
[uniwebsidad.com/libros/referencia-css2/outline-color.html]
[uniwebsidad.com/libros/referencia-css2/outline-style.html]
[uniwebsidad.com/libros/referencia-css2/outline-width.html]
[uniwebsidad.com/libros/referencia-css2/outline.html]
[uniwebsidad.com/libros/referencia-css2/background-attachment.html]
[uniwebsidad.com/libros/referencia-css2/background-color.html]
[uniwebsidad.com/libros/referencia-css2/background-image.html]
[uniwebsidad.com/libros/referencia-css2/background-position.html]
[uniwebsidad.com/libros/referencia-css2/background-repeat.html]
[uniwebsidad.com/libros/referencia-css2/background.html]
[uniwebsidad.com/libros/referencia-css2/color.html]
[uniwebsidad.com/libros/referencia-css2/font-family.html]
[uniwebsidad.com/libros/referencia-css2/font-size.html]
[uniwebsidad.com/libros/referencia-css2/font-style.html]
[uniwebsidad.com/libros/referencia-css2/font-variant.html]
[uniwebsidad.com/libros/referencia-css2/font-weight.html]
[uniwebsidad.com/libros/referencia-css2/font.html]
[uniwebsidad.com/libros/referencia-css2/letter-spacing.html]
[uniwebsidad.com/libros/referencia-css2/direction.html]
[uniwebsidad.com/libros/referencia-css2/line-height.html]
[uniwebsidad.com/libros/referencia-css2/text-align.html]
[uniwebsidad.com/libros/referencia-css2/text-decoration.html]
[uniwebsidad.com/libros/referencia-css2/text-indent.html]
[uniwebsidad.com/libros/referencia-css2/text-transform.html]
[uniwebsidad.com/libros/referencia-css2/unicode-bidi.html]
[uniwebsidad.com/libros/referencia-css2/word-spacing.html]
[uniwebsidad.com/libros/referencia-css2/bottom.html]
[uniwebsidad.com/libros/referencia-css2/clear.html]
[uniwebsidad.com/libros/referencia-css2/float.html]
[uniwebsidad.com/libros/referencia-css2/left.html]
[uniwebsidad.com/libros/referencia-css2/position.html]
[uniwebsidad.com/libros/referencia-css2/right.html]
[uniwebsidad.com/libros/referencia-css2/top.html]
[uniwebsidad.com/libros/referencia-css2/clip.html]
[uniwebsidad.com/libros/referencia-css2/display.html]
[uniwebsidad.com/libros/referencia-css2/overflow.html]
[uniwebsidad.com/libros/referencia-css2/visibility.html]
[uniwebsidad.com/libros/referencia-css2/white-space.html]
[uniwebsidad.com/libros/referencia-css2/z-index.html]
[uniwebsidad.com/libros/referencia-css2/border-collapse.html]
[uniwebsidad.com/libros/referencia-css2/border-spacing.html]
[uniwebsidad.com/libros/referencia-css2/caption-side.html]
[uniwebsidad.com/libros/referencia-css2/empty-cells.html]
[uniwebsidad.com/libros/referencia-css2/table-layout.html]
[uniwebsidad.com/libros/referencia-css2/list-style-image.html]
[uniwebsidad.com/libros/referencia-css2/list-style-position.html]
[uniwebsidad.com/libros/referencia-css2/list-style-type.html]
[uniwebsidad.com/libros/referencia-css2/list-style.html]
[uniwebsidad.com/libros/referencia-css2/content.html]
[uniwebsidad.com/libros/referencia-css2/counter-increment.html]
[uniwebsidad.com/libros/referencia-css2/counter-reset.html]
[uniwebsidad.com/libros/referencia-css2/quotes.html]
[uniwebsidad.com/libros/referencia-css2/orphans.html]
[uniwebsidad.com/libros/referencia-css2/page-break-after.html]
[uniwebsidad.com/libros/referencia-css2/page-break-before.html]
[uniwebsidad.com/libros/referencia-css2/page-break-inside.html]
[uniwebsidad.com/libros/referencia-css2/widows.html]
[uniwebsidad.com/libros/referencia-css2/azimuth.html]
[uniwebsidad.com/libros/referencia-css2/cue-after.html]
[uniwebsidad.com/libros/referencia-css2/cue-before.html]
[uniwebsidad.com/libros/referencia-css2/cue.html]
[uniwebsidad.com/libros/referencia-css2/elevation.html]
[uniwebsidad.com/libros/referencia-css2/pause-after.html]
[uniwebsidad.com/libros/referencia-css2/pause-before.html]
[uniwebsidad.com/libros/referencia-css2/pause.html]
[uniwebsidad.com/libros/referencia-css2/pitch-range.html]
[uniwebsidad.com/libros/referencia-css2/pitch.html]
[uniwebsidad.com/libros/referencia-css2/play-during.html]
[uniwebsidad.com/libros/referencia-css2/richness.html]
[uniwebsidad.com/libros/referencia-css2/speak-header.html]
[uniwebsidad.com/libros/referencia-css2/speak-numeral.html]
[uniwebsidad.com/libros/referencia-css2/speak-punctuation.html]
[uniwebsidad.com/libros/referencia-css2/speak.html]
[uniwebsidad.com/libros/referencia-css2/speech-rate.html]
[uniwebsidad.com/libros/referencia-css2/stress.html]
[uniwebsidad.com/libros/referencia-css2/voice-family.html]
[uniwebsidad.com/libros/referencia-css2/volume.html]
[uniwebsidad.com/libros/referencia-css2/cursor.html]
[uniwebsidad.com/libros/referencia-css2.html]
[uniwebsidad.com/libros/referencia-css2/medios.html]
[uniwebsidad.com/static/libros/ejercicios/css/soluciones/comun/imagenes/logo.html]
[uniwebsidad.com/static/libros/ejercicios/css/soluciones/comun/imagenes/fondo_menu.html]
[uniwebsidad.com/libros/referencia-css2/vertical-align.html]
[uniwebsidad.com/libros/referencia-css2/inherit.html]
[uniwebsidad.com/static/libros/imagenes/referencia-css2/imagen.png]
[uniwebsidad.com/libros/referencia-css2/height.html]
[uniwebsidad.com/libros/referencia-css2/max-height.html]
[uniwebsidad.com/libros/referencia-css2/max-width.html]
[uniwebsidad.com/libros/referencia-css2/min-height.html]
[uniwebsidad.com/libros/referencia-css2/min-width.html]
[uniwebsidad.com/libros/referencia-css2/width.html]
[uniwebsidad.com/libros/referencia-css2/margin-right.html]
[uniwebsidad.com/libros/referencia-css2/margin-left.html]
[uniwebsidad.com/libros/referencia-css2/margin-top.html]
[uniwebsidad.com/libros/referencia-css2/margin-bottom.html]
[uniwebsidad.com/libros/referencia-css2/margin.html]
[uniwebsidad.com/libros/referencia-css2/padding-top.html]
[uniwebsidad.com/libros/referencia-css2/padding-right.html]
[uniwebsidad.com/libros/referencia-css2/padding-bottom.html]
[uniwebsidad.com/libros/referencia-css2/padding-left.html]
[uniwebsidad.com/libros/referencia-css2/padding.html]
[uniwebsidad.com/libros/referencia-css2/border-color.html]
[uniwebsidad.com/libros/referencia-css2/border-style.html]
[uniwebsidad.com/libros/referencia-css2/border-top.html]
[uniwebsidad.com/libros/referencia-css2/border-right.html]
[uniwebsidad.com/libros/referencia-css2/border-bottom.html]
[uniwebsidad.com/libros/referencia-css2/border-left.html]
[uniwebsidad.com/libros/referencia-css2/border-top-color.html]
[uniwebsidad.com/libros/referencia-css2/border-right-color.html]
[uniwebsidad.com/libros/referencia-css2/border-bottom-color.html]
[uniwebsidad.com/libros/referencia-css2/border-left-color.html]
[uniwebsidad.com/libros/referencia-css2/border-top-style.html]
[uniwebsidad.com/libros/referencia-css2/border-right-style.html]
[uniwebsidad.com/libros/referencia-css2/border-bottom-style.html]
[uniwebsidad.com/libros/referencia-css2/border-left-style.html]
[uniwebsidad.com/libros/referencia-css2/border-top-width.html]
[uniwebsidad.com/libros/referencia-css2/border-right-width.html]
[uniwebsidad.com/libros/referencia-css2/border-bottom-width.html]
[uniwebsidad.com/libros/referencia-css2/border-left-width.html]
[uniwebsidad.com/libros/referencia-css2/border-width.html]
[uniwebsidad.com/libros/referencia-css2/border.html]
[uniwebsidad.com/static/libros/imagenes/referencia-css2/outline-color_1.png]
[uniwebsidad.com/libros/referencia-css2/outline-color.html]
[uniwebsidad.com/libros/referencia-css2/outline-style.html]
[uniwebsidad.com/libros/referencia-css2/outline-width.html]
[uniwebsidad.com/libros/referencia-css2/outline.html]
[uniwebsidad.com/static/libros/imagenes/referencia-css2/imagen_pequena.png]
[uniwebsidad.com/libros/referencia-css2/background-attachment.html]
[uniwebsidad.com/libros/referencia-css2/background-color.html]
[uniwebsidad.com/libros/referencia-css2/background-image.html]
[uniwebsidad.com/libros/referencia-css2/background-position.html]
[uniwebsidad.com/libros/referencia-css2/background-repeat.html]
[uniwebsidad.com/libros/referencia-css2/background.html]
[uniwebsidad.com/libros/referencia-css2/color.html]
[uniwebsidad.com/libros/referencia-css2/font-family.html]
[uniwebsidad.com/libros/referencia-css2/font-size.html]
[uniwebsidad.com/static/libros/imagenes/referencia-css2/font-style_1.png]
[uniwebsidad.com/libros/referencia-css2/font-style.html]
[uniwebsidad.com/libros/referencia-css2/font-variant.html]
[uniwebsidad.com/libros/referencia-css2/font-weight.html]
[uniwebsidad.com/libros/referencia-css2/font.html]
[uniwebsidad.com/libros/referencia-css2/letter-spacing.html]
[uniwebsidad.com/libros/referencia-css2/direction.html]
[uniwebsidad.com/libros/referencia-css2/line-height.html]
[uniwebsidad.com/libros/referencia-css2/text-align.html]
[uniwebsidad.com/libros/referencia-css2/text-decoration.html]
[uniwebsidad.com/libros/referencia-css2/text-indent.html]
[uniwebsidad.com/libros/referencia-css2/text-transform.html]
[uniwebsidad.com/libros/referencia-css2/unicode-bidi.html]
[uniwebsidad.com/libros/referencia-css2/word-spacing.html]
[uniwebsidad.com/libros/referencia-css2/bottom.html]
[uniwebsidad.com/libros/referencia-css2/clear.html]
[uniwebsidad.com/libros/referencia-css2/float.html]
[uniwebsidad.com/libros/referencia-css2/left.html]
[uniwebsidad.com/libros/referencia-css2/position.html]
[uniwebsidad.com/libros/referencia-css2/right.html]
[uniwebsidad.com/libros/referencia-css2/top.html]
[uniwebsidad.com/libros/referencia-css2/clip.html]
[uniwebsidad.com/static/libros/imagenes/referencia-css2/display_1.png]
[uniwebsidad.com/static/libros/imagenes/referencia-css2/display_2.png]
[uniwebsidad.com/static/libros/imagenes/referencia-css2/display_3.png]
[uniwebsidad.com/static/libros/imagenes/referencia-css2/display_4.png]
[uniwebsidad.com/libros/referencia-css2/display.html]
[uniwebsidad.com/libros/referencia-css2/overflow.html]
[uniwebsidad.com/libros/referencia-css2/visibility.html]
[uniwebsidad.com/libros/referencia-css2/white-space.html]
[uniwebsidad.com/libros/referencia-css2/z-index.html]
[uniwebsidad.com/static/libros/imagenes/referencia-css2/border-collapse-1.png]
[uniwebsidad.com/libros/referencia-css2/border-collapse.html]
[uniwebsidad.com/libros/referencia-css2/border-spacing.html]
[uniwebsidad.com/libros/referencia-css2/caption-side.html]
[uniwebsidad.com/static/libros/imagenes/referencia-css2/empty-cells_1.png]
[uniwebsidad.com/static/libros/imagenes/referencia-css2/empty-cells_2.png]
[uniwebsidad.com/libros/referencia-css2/empty-cells.html]
[uniwebsidad.com/libros/referencia-css2/table-layout.html]
[uniwebsidad.com/libros/referencia-css2/images/accept.png]
[uniwebsidad.com/libros/referencia-css2/images/control_play.png]
[uniwebsidad.com/libros/referencia-css2/images/star.png]
[uniwebsidad.com/libros/referencia-css2/list-style-image.html]
[uniwebsidad.com/libros/referencia-css2/list-style-position.html]
[uniwebsidad.com/libros/referencia-css2/list-style-type.html]
[uniwebsidad.com/libros/referencia-css2/list-style.html]
[uniwebsidad.com/static/libros/imagenes/referencia-css2/content_1.png]
[uniwebsidad.com/static/libros/imagenes/referencia-css2/content_2.png]
[uniwebsidad.com/libros/referencia-css2/content.html]
[uniwebsidad.com/static/libros/imagenes/referencia-css2/counter-increment_1.png]
[uniwebsidad.com/libros/referencia-css2/counter-increment.html]
[uniwebsidad.com/libros/referencia-css2/counter-reset.html]
[uniwebsidad.com/static/libros/imagenes/referencia-css2/quotes_1.png]
[uniwebsidad.com/static/libros/imagenes/referencia-css2/quotes_2.png]
[uniwebsidad.com/static/libros/imagenes/referencia-css2/quotes_3.png]
[uniwebsidad.com/static/libros/imagenes/referencia-css2/quotes_4.png]
[uniwebsidad.com/libros/referencia-css2/quotes.html]
[uniwebsidad.com/libros/referencia-css2/orphans.html]
[uniwebsidad.com/libros/referencia-css2/page-break-after.html]
[uniwebsidad.com/libros/referencia-css2/page-break-before.html]
[uniwebsidad.com/libros/referencia-css2/page-break-inside.html]
[uniwebsidad.com/libros/referencia-css2/widows.html]
[uniwebsidad.com/libros/referencia-css2/azimuth.html]
[uniwebsidad.com/libros/referencia-css2/cue-after.html]
[uniwebsidad.com/libros/referencia-css2/cue-before.html]
[uniwebsidad.com/libros/referencia-css2/cue.html]
[uniwebsidad.com/libros/referencia-css2/elevation.html]
[uniwebsidad.com/libros/referencia-css2/pause-after.html]
[uniwebsidad.com/libros/referencia-css2/pause-before.html]
[uniwebsidad.com/libros/referencia-css2/pause.html]
[uniwebsidad.com/libros/referencia-css2/pitch-range.html]
[uniwebsidad.com/libros/referencia-css2/pitch.html]
[uniwebsidad.com/libros/referencia-css2/inherit-2.html]
[uniwebsidad.com/libros/referencia-css2/play-during.html]
[uniwebsidad.com/libros/referencia-css2/richness.html]
[uniwebsidad.com/libros/referencia-css2/speak-header.html]
[uniwebsidad.com/libros/referencia-css2/speak-numeral.html]
[uniwebsidad.com/libros/referencia-css2/speak-punctuation.html]
[uniwebsidad.com/libros/referencia-css2/speak.html]
[uniwebsidad.com/libros/referencia-css2/speech-rate.html]
[uniwebsidad.com/libros/referencia-css2/stress.html]
[uniwebsidad.com/libros/referencia-css2/voice-family.html]
[uniwebsidad.com/libros/referencia-css2/volume.html]
[uniwebsidad.com/libros/referencia-css2/cursor.html]
[uniwebsidad.com/libros/referencia-css2/vertical-align.html]
[uniwebsidad.com/libros/referencia-css2/inherit.html]
[uniwebsidad.com/static/libros/imagenes/referencia-css2/empty-cells_1.html]
[uniwebsidad.com/static/libros/imagenes/referencia-css2/empty-cells_2.html]
[uniwebsidad.com/libros/referencia-css2/images/accept.html]
[uniwebsidad.com/libros/referencia-css2/images/control_play.html]
[uniwebsidad.com/libros/referencia-css2/images/star.html]
[uniwebsidad.com/libros/referencia-css2/inherit-2.html]
